Component: Arm Compiler for Embedded 6.22 Tool: armlink [5ee90200]

==============================================================================

Section Cross References

    ds18b20.o(.text.SysTick_Handler) refers to ds18b20.o(.bss.msTicks) for msTicks
    ds18b20.o(.ARM.exidx.text.SysTick_Handler) refers to ds18b20.o(.text.SysTick_Handler) for [Anonymous Symbol]
    ds18b20.o(.text.DelayMicro) refers to ds18b20.o(.bss.msTicks) for msTicks
    ds18b20.o(.ARM.exidx.text.DelayMicro) refers to ds18b20.o(.text.DelayMicro) for [Anonymous Symbol]
    ds18b20.o(.ARM.exidx.text.ds18b20_PortInit) refers to ds18b20.o(.text.ds18b20_PortInit) for [Anonymous Symbol]
    ds18b20.o(.text.ds18b20_Reset) refers to ds18b20.o(.text.DelayMicro) for DelayMicro
    ds18b20.o(.ARM.exidx.text.ds18b20_Reset) refers to ds18b20.o(.text.ds18b20_Reset) for [Anonymous Symbol]
    ds18b20.o(.text.ds18b20_ReadBit) refers to ds18b20.o(.text.DelayMicro) for DelayMicro
    ds18b20.o(.ARM.exidx.text.ds18b20_ReadBit) refers to ds18b20.o(.text.ds18b20_ReadBit) for [Anonymous Symbol]
    ds18b20.o(.text.ds18b20_ReadByte) refers to ds18b20.o(.text.ds18b20_ReadBit) for ds18b20_ReadBit
    ds18b20.o(.ARM.exidx.text.ds18b20_ReadByte) refers to ds18b20.o(.text.ds18b20_ReadByte) for [Anonymous Symbol]
    ds18b20.o(.text.ds18b20_WriteBit) refers to ds18b20.o(.text.DelayMicro) for DelayMicro
    ds18b20.o(.ARM.exidx.text.ds18b20_WriteBit) refers to ds18b20.o(.text.ds18b20_WriteBit) for [Anonymous Symbol]
    ds18b20.o(.text.ds18b20_WriteByte) refers to ds18b20.o(.text.ds18b20_WriteBit) for ds18b20_WriteBit
    ds18b20.o(.text.ds18b20_WriteByte) refers to ds18b20.o(.text.DelayMicro) for DelayMicro
    ds18b20.o(.ARM.exidx.text.ds18b20_WriteByte) refers to ds18b20.o(.text.ds18b20_WriteByte) for [Anonymous Symbol]
    ds18b20.o(.text.ds18b20_MatchRom) refers to ds18b20.o(.text.ds18b20_Reset) for ds18b20_Reset
    ds18b20.o(.text.ds18b20_MatchRom) refers to ds18b20.o(.text.ds18b20_WriteByte) for ds18b20_WriteByte
    ds18b20.o(.ARM.exidx.text.ds18b20_MatchRom) refers to ds18b20.o(.text.ds18b20_MatchRom) for [Anonymous Symbol]
    ds18b20.o(.text.ds18b20_Init) refers to ds18b20.o(.text.ds18b20_Reset) for ds18b20_Reset
    ds18b20.o(.text.ds18b20_Init) refers to ds18b20.o(.text.ds18b20_WriteByte) for ds18b20_WriteByte
    ds18b20.o(.text.ds18b20_Init) refers to ds18b20.o(.text.ds18b20_MatchRom) for ds18b20_MatchRom
    ds18b20.o(.ARM.exidx.text.ds18b20_Init) refers to ds18b20.o(.text.ds18b20_Init) for [Anonymous Symbol]
    ds18b20.o(.text.ds18b20_ConvertTemp) refers to ds18b20.o(.text.ds18b20_Reset) for ds18b20_Reset
    ds18b20.o(.text.ds18b20_ConvertTemp) refers to ds18b20.o(.text.ds18b20_WriteByte) for ds18b20_WriteByte
    ds18b20.o(.text.ds18b20_ConvertTemp) refers to ds18b20.o(.text.ds18b20_MatchRom) for ds18b20_MatchRom
    ds18b20.o(.ARM.exidx.text.ds18b20_ConvertTemp) refers to ds18b20.o(.text.ds18b20_ConvertTemp) for [Anonymous Symbol]
    ds18b20.o(.text.ds18b20_ReadStratchpad) refers to ds18b20.o(.text.ds18b20_Reset) for ds18b20_Reset
    ds18b20.o(.text.ds18b20_ReadStratchpad) refers to ds18b20.o(.text.ds18b20_WriteByte) for ds18b20_WriteByte
    ds18b20.o(.text.ds18b20_ReadStratchpad) refers to ds18b20.o(.text.ds18b20_MatchRom) for ds18b20_MatchRom
    ds18b20.o(.text.ds18b20_ReadStratchpad) refers to ds18b20.o(.text.ds18b20_ReadByte) for ds18b20_ReadByte
    ds18b20.o(.ARM.exidx.text.ds18b20_ReadStratchpad) refers to ds18b20.o(.text.ds18b20_ReadStratchpad) for [Anonymous Symbol]
    ds18b20.o(.text.ds18b20_ReadROM) refers to ds18b20.o(.text.ds18b20_Reset) for ds18b20_Reset
    ds18b20.o(.text.ds18b20_ReadROM) refers to ds18b20.o(.text.ds18b20_WriteByte) for ds18b20_WriteByte
    ds18b20.o(.text.ds18b20_ReadROM) refers to ds18b20.o(.text.ds18b20_ReadByte) for ds18b20_ReadByte
    ds18b20.o(.ARM.exidx.text.ds18b20_ReadROM) refers to ds18b20.o(.text.ds18b20_ReadROM) for [Anonymous Symbol]
    ds18b20.o(.ARM.exidx.text.Compute_CRC8) refers to ds18b20.o(.text.Compute_CRC8) for [Anonymous Symbol]
    ds18b20.o(.text.Search_ROM) refers to ds18b20.o(.text.ds18b20_Reset) for ds18b20_Reset
    ds18b20.o(.text.Search_ROM) refers to ds18b20.o(.text.ds18b20_WriteBit) for ds18b20_WriteBit
    ds18b20.o(.text.Search_ROM) refers to ds18b20.o(.text.ds18b20_ReadBit) for ds18b20_ReadBit
    ds18b20.o(.ARM.exidx.text.Search_ROM) refers to ds18b20.o(.text.Search_ROM) for [Anonymous Symbol]
    ds18b20.o(.ARM.exidx.text.WriteTHTL) refers to ds18b20.o(.text.WriteTHTL) for [Anonymous Symbol]
    ds18b20.o(.ARM.exidx.text.ChangeACP) refers to ds18b20.o(.text.ChangeACP) for [Anonymous Symbol]
    ds18b20.o(.text.WriteScratchpad) refers to ds18b20.o(.text.ds18b20_Reset) for ds18b20_Reset
    ds18b20.o(.text.WriteScratchpad) refers to ds18b20.o(.text.ds18b20_WriteByte) for ds18b20_WriteByte
    ds18b20.o(.text.WriteScratchpad) refers to ds18b20.o(.text.ds18b20_MatchRom) for ds18b20_MatchRom
[...]
    .ARM.Collect$$libinit$$0000000E          0x08000226   Section        0  libinit2.o(.ARM.Collect$$libinit$$0000000E)
    .ARM.Collect$$libinit$$00000010          0x08000226   Section        0  libinit2.o(.ARM.Collect$$libinit$$00000010)
    .ARM.Collect$$libinit$$00000011          0x08000226   Section        6  libinit2.o(.ARM.Collect$$libinit$$00000011)
    .ARM.Collect$$libinit$$00000013          0x0800022c   Section        0  libinit2.o(.ARM.Collect$$libinit$$00000013)
    .ARM.Collect$$libinit$$00000014          0x0800022c   Section       12  libinit2.o(.ARM.Collect$$libinit$$00000014)
    .ARM.Collect$$libinit$$00000015          0x08000238   Section        0  libinit2.o(.ARM.Collect$$libinit$$00000015)
    .ARM.Collect$$libinit$$00000017          0x08000238   Section        0  libinit2.o(.ARM.Collect$$libinit$$00000017)
    .ARM.Collect$$libinit$$00000018          0x08000238   Section       10  libinit2.o(.ARM.Collect$$libinit$$00000018)
    .ARM.Collect$$libinit$$00000019          0x08000242   Section        0  libinit2.o(.ARM.Collect$$libinit$$00000019)
    .ARM.Collect$$libinit$$0000001B          0x08000242   Section        0  libinit2.o(.ARM.Collect$$libinit$$0000001B)
    .ARM.Collect$$libinit$$0000001D          0x08000242   Section        0  libinit2.o(.ARM.Collect$$libinit$$0000001D)
    .ARM.Collect$$libinit$$0000001F          0x08000242   Section        0  libinit2.o(.ARM.Collect$$libinit$$0000001F)
    .ARM.Collect$$libinit$$00000021          0x08000242   Section        0  libinit2.o(.ARM.Collect$$libinit$$00000021)
    .ARM.Collect$$libinit$$00000023          0x08000242   Section        0  libinit2.o(.ARM.Collect$$libinit$$00000023)
    .ARM.Collect$$libinit$$00000025          0x08000242   Section        0  libinit2.o(.ARM.Collect$$libinit$$00000025)
    .ARM.Collect$$libinit$$00000027          0x08000242   Section        0  libinit2.o(.ARM.Collect$$libinit$$00000027)
    .ARM.Collect$$libinit$$0000002E          0x08000242   Section        0  libinit2.o(.ARM.Collect$$libinit$$0000002E)
    .ARM.Collect$$libinit$$00000030          0x08000242   Section        0  libinit2.o(.ARM.Collect$$libinit$$00000030)
    .ARM.Collect$$libinit$$00000032          0x08000242   Section        0  libinit2.o(.ARM.Collect$$libinit$$00000032)
    .ARM.Collect$$libinit$$00000034          0x08000242   Section        0  libinit2.o(.ARM.Collect$$libinit$$00000034)
    .ARM.Collect$$libinit$$00000035          0x08000242   Section        2  libinit2.o(.ARM.Collect$$libinit$$00000035)
    .ARM.Collect$$libshutdown$$00000000      0x08000244   Section        2  libshutdown.o(.ARM.Collect$$libshutdown$$00000000)
    .ARM.Collect$$libshutdown$$00000002      0x08000246   Section        0  libshutdown2.o(.ARM.Collect$$libshutdown$$00000002)
    .ARM.Collect$$libshutdown$$00000004      0x08000246   Section        0  libshutdown2.o(.ARM.Collect$$libshutdown$$00000004)
    .ARM.Collect$$libshutdown$$00000007      0x08000246   Section        0  libshutdown2.o(.ARM.Collect$$libshutdown$$00000007)
    .ARM.Collect$$libshutdown$$0000000A      0x08000246   Section        0  libshutdown2.o(.ARM.Collect$$libshutdown$$0000000A)
    .ARM.Collect$$libshutdown$$0000000C      0x08000246   Section        0  libshutdown2.o(.ARM.Collect$$libshutdown$$0000000C)
    .ARM.Collect$$libshutdown$$0000000F      0x08000246   Section        0  libshutdown2.o(.ARM.Collect$$libshutdown$$0000000F)
    .ARM.Collect$$libshutdown$$00000010      0x08000246   Section        2  libshutdown2.o(.ARM.Collect$$libshutdown$$00000010)
    .ARM.Collect$$rtentry$$00000000          0x08000248   Section        0  __rtentry.o(.ARM.Collect$$rtentry$$00000000)
    .ARM.Collect$$rtentry$$00000002          0x08000248   Section        0  __rtentry2.o(.ARM.Collect$$rtentry$$00000002)
    .ARM.Collect$$rtentry$$00000004          0x08000248   Section        6  __rtentry4.o(.ARM.Collect$$rtentry$$00000004)
    .ARM.Collect$$rtentry$$00000009          0x0800024e   Section        0  __rtentry2.o(.ARM.Collect$$rtentry$$00000009)
    .ARM.Collect$$rtentry$$0000000A          0x0800024e   Section        4  __rtentry2.o(.ARM.Collect$$rtentry$$0000000A)
    .ARM.Collect$$rtentry$$0000000C          0x08000252   Section        0  __rtentry2.o(.ARM.Collect$$rtentry$$0000000C)
    .ARM.Collect$$rtentry$$0000000D          0x08000252   Section        8  __rtentry2.o(.ARM.Collect$$rtentry$$0000000D)
    .ARM.Collect$$rtexit$$00000000           0x0800025a   Section        2  rtexit.o(.ARM.Collect$$rtexit$$00000000)
    .ARM.Collect$$rtexit$$00000002           0x0800025c   Section        0  rtexit2.o(.ARM.Collect$$rtexit$$00000002)
    .ARM.Collect$$rtexit$$00000003           0x0800025c   Section        4  rtexit2.o(.ARM.Collect$$rtexit$$00000003)
    .ARM.Collect$$rtexit$$00000004           0x08000260   Section        6  rtexit2.o(.ARM.Collect$$rtexit$$00000004)
    .text                                    0x08000268   Section       64  startup_stm32f10x_md.o(.text)
    .text                                    0x080002a8   Section        0  h1_alloc.o(.text)
    .text                                    0x08000308   Section        0  snprintf.o(.text)
    .text                                    0x08000348   Section        0  strlen.o(.text)
    .text                                    0x08000386   Section        0  heapauxi.o(.text)
    .text                                    0x0800038c   Section        8  rt_heap_descriptor_intlibspace.o(.text)
    .text                                    0x08000394   Section        0  hguard.o(.text)
    .text                                    0x08000398   Section        0  init_alloc.o(.text)
    .text                                    0x08000422   Section        0  h1_init.o(.text)
    .text                                    0x0800042e   Section        0  h1_free.o(.text)
    .text                                    0x0800047c   Section        0  _printf_pad.o(.text)
    .text                                    0x080004ca   Section        0  _printf_truncate.o(.text)
    .text                                    0x080004ee   Section        0  _printf_str.o(.text)
    .text                                    0x08000540   Section        0  _printf_dec.o(.text)
    .text                                    0x080005b8   Section        0  _printf_charcount.o(.text)
    _printf_input_char                       0x080005e1   Thumb Code    10  _printf_char_common.o(.text)
    .text                                    0x080005e0   Section        0  _printf_char_common.o(.text)
    .text                                    0x08000610   Section        0  _snputc.o(.text)
    .text                                    0x08000620   Section        0  _printf_wctomb.o(.text)
    .text                                    0x080006dc   Section        0  _printf_longlong_dec.o(.text)
    _printf_longlong_oct_internal            0x08000759   Thumb Code     0  _printf_oct_int_ll.o(.text)
    .text                                    0x08000758   Section        0  _printf_oct_int_ll.o(.text)
    _printf_hex_common                       0x080007c9   Thumb Code     0  _printf_hex_int_ll_ptr.o(.text)
    .text                                    0x080007c8   Section        0  _printf_hex_int_ll_ptr.o(.text)
    .text                                    0x0800085c   Section        0  __printf_flags_ss_wp.o(.text)
    .text                                    0x080009e4   Section        8  libspace.o(.text)
    .text                                    0x080009ec   Section        0  maybetermalloc1.o(.text)
    .text                                    0x080009ec   Section        0  h1_extend.o(.text)
    .text                                    0x08000a20   Section      138  lludiv10.o(.text)
    .text                                    0x08000aaa   Section        0  _printf_intcommon.o(.text)
    _fp_digits                               0x08000b5d   Thumb Code   432  _printf_fp_dec.o(.text)
    .text                                    0x08000b5c   Section        0  _printf_fp_dec.o(.text)
    .text                                    0x08000f78   Section        0  _printf_fp_hex.o(.text)
    .text                                    0x08001274   Section        0  _printf_char.o(.text)
    .text                                    0x080012a0   Section        0  _printf_wchar.o(.text)
    .text                                    0x080012cc   Section        0  _c16rtomb.o(.text)
    .text                                    0x08001314   Section        0  defsig_rtmem_outer.o(.text)
    .text                                    0x08001322   Section        2  use_no_semi.o(.text)
    .text                                    0x08001324   Section        0  indicate_semi.o(.text)
    .text                                    0x08001324   Section       74  sys_stackheap_outer.o(.text)
    .text                                    0x08001370   Section       16  rt_ctype_table.o(.text)
    .text                                    0x08001380   Section        8  rt_locale_intlibspace.o(.text)
    .text                                    0x08001388   Section        0  _printf_fp_infnan.o(.text)
    .text                                    0x08001408   Section        0  bigflt0.o(.text)
    .text                                    0x080014ec   Section        0  exit.o(.text)
    .text                                    0x080014fe   Section        0  defsig_exit.o(.text)
    .text                                    0x08001508   Section        0  defsig_rtmem_inner.o(.text)
    .text                                    0x08001558   Section        0  sys_exit.o(.text)
    .text                                    0x08001564   Section        0  defsig_general.o(.text)
    .text                                    0x08001598   Section      128  strcmpv7m.o(.text)
    .text                                    0x08001618   Section        0  sys_wrch.o(.text)
    [Anonymous Symbol]                       0x08001628   Section        0  ds18b20.o(.text.Compute_CRC8)
    [Anonymous Symbol]                       0x080016dc   Section        0  ds18b20.o(.text.CopyScratchpad)
    [Anonymous Symbol]                       0x0800170c   Section        0  ds18b20.o(.text.DelayMicro)
    [Anonymous Symbol]                       0x0800173c   Section        0  main.o(.text.GPIO_Init)
    [Anonymous Symbol]                       0x08001760   Section        0  ds18b20.o(.text.Search_ROM)
    SetSysClock                              0x08001961   Thumb Code     8  system_stm32f10x.o(.text.SetSysClock)
    [Anonymous Symbol]                       0x08001960   Section        0  system_stm32f10x.o(.text.SetSysClock)
    SetSysClockTo72                          0x08001969   Thumb Code   290  system_stm32f10x.o(.text.SetSysClockTo72)
    [Anonymous Symbol]                       0x08001968   Section        0  system_stm32f10x.o(.text.SetSysClockTo72)
    SysTick_Config                           0x08001a8d   Thumb Code    82  main.o(.text.SysTick_Config)
    [Anonymous Symbol]                       0x08001a8c   Section        0  main.o(.text.SysTick_Config)
    [Anonymous Symbol]                       0x08001ae0   Section        0  ds18b20.o(.text.SysTick_Handler)
    [Anonymous Symbol]                       0x08001af0   Section        0  main.o(.text.SystemCoreClockConfigure)
    [Anonymous Symbol]                       0x08001bc8   Section        0  system_stm32f10x.o(.text.SystemCoreClockUpdate)
    [Anonymous Symbol]                       0x08001cec   Section        0  system_stm32f10x.o(.text.SystemInit)
    [Anonymous Symbol]                       0x08001d54   Section        0  main.o(.text.TIM3_IRQHandler)
    [Anonymous Symbol]                       0x08001da8   Section        0  main.o(.text.TIM3_Init)
    [Anonymous Symbol]                       0x08001e24   Section        0  main.o(.text.TIM4_IRQHandler)
    [Anonymous Symbol]                       0x08001eb8   Section        0  main.o(.text.TIM4_Init)
    [Anonymous Symbol]                       0x08001f34   Section        0  main.o(.text.USART2_IRQHandler)
    [Anonymous Symbol]                       0x08001fb8   Section        0  uart.o(.text.USART_Init)
    [Anonymous Symbol]                       0x08002058   Section        0  uart.o(.text.USART_IsReady)
    [Anonymous Symbol]                       0x08002084   Section        0  uart.o(.text.USART_Receive)
    [Anonymous Symbol]                       0x080020d0   Section        0  uart.o(.text.USART_Send)
    [Anonymous Symbol]                       0x08002100   Section        0  uart.o(.text.USART_SendMessage)
    [Anonymous Symbol]                       0x08002144   Section        0  ds18b20.o(.text.WriteScratchpad)
    [Anonymous Symbol]                       0x0800218c   Section        0  ds18b20.o(.text.WriteTHTL)
    __NVIC_EnableIRQ                         0x080021a1   Thumb Code    48  main.o(.text.__NVIC_EnableIRQ)
    [Anonymous Symbol]                       0x080021a0   Section        0  main.o(.text.__NVIC_EnableIRQ)
    __NVIC_EnableIRQ                         0x080021d1   Thumb Code    48  uart.o(.text.__NVIC_EnableIRQ)
    [Anonymous Symbol]                       0x080021d0   Section        0  uart.o(.text.__NVIC_EnableIRQ)
    __NVIC_SetPriority                       0x08002201   Thumb Code    66  main.o(.text.__NVIC_SetPriority)
    [Anonymous Symbol]                       0x08002200   Section        0  main.o(.text.__NVIC_SetPriority)
    [Anonymous Symbol]                       0x08002244   Section        0  main.o(.text.check_pin)
    [Anonymous Symbol]                       0x08002260   Section        0  ds18b20.o(.text.ds18b20_ConvertTemp)
    [Anonymous Symbol]                       0x08002290   Section        0  ds18b20.o(.text.ds18b20_MatchRom)
    [Anonymous Symbol]                       0x080022d0   Section        0  ds18b20.o(.text.ds18b20_PortInit)
    [Anonymous Symbol]                       0x08002304   Section        0  ds18b20.o(.text.ds18b20_ReadBit)
    [Anonymous Symbol]                       0x08002354   Section        0  ds18b20.o(.text.ds18b20_ReadByte)
    [Anonymous Symbol]                       0x0800239c   Section        0  ds18b20.o(.text.ds18b20_ReadStratchpad)
    [Anonymous Symbol]                       0x080023fc   Section        0  ds18b20.o(.text.ds18b20_Reset)
    [Anonymous Symbol]                       0x08002450   Section        0  ds18b20.o(.text.ds18b20_WriteBit)
    [Anonymous Symbol]                       0x08002494   Section        0  ds18b20.o(.text.ds18b20_WriteByte)
    [Anonymous Symbol]                       0x080024d8   Section        0  main.o(.text.enable_pin)
    [Anonymous Symbol]                       0x08002544   Section        0  main.o(.text.main)
    [Anonymous Symbol]                       0x08002824   Section        0  main.o(.text.switch_pin)
    CL$$btod_d2e                             0x08002868   Section       62  btod.o(CL$$btod_d2e)
    CL$$btod_d2e_denorm_low                  0x080028a6   Section       70  btod.o(CL$$btod_d2e_denorm_low)
    CL$$btod_d2e_norm_op1                    0x080028ec   Section       96  btod.o(CL$$btod_d2e_norm_op1)
    CL$$btod_div_common                      0x0800294c   Section      824  btod.o(CL$$btod_div_common)
    CL$$btod_e2e                             0x08002c84   Section      220  btod.o(CL$$btod_e2e)
    CL$$btod_ediv                            0x08002d60   Section       42  btod.o(CL$$btod_ediv)
    CL$$btod_emul                            0x08002d8a   Section       42  btod.o(CL$$btod_emul)
    CL$$btod_mult_common                     0x08002db4   Section      580  btod.o(CL$$btod_mult_common)
    i.__ARM_fpclassify                       0x08002ff8   Section        0  fpclassify.o(i.__ARM_fpclassify)
    i._is_digit                              0x08003020   Section        0  __printf_wp.o(i._is_digit)
    locale$$code                             0x08003030   Section       44  lc_numeric_c.o(locale$$code)
    locale$$code                             0x0800305c   Section       44  lc_ctype_c.o(locale$$code)
    x$fpl$d2f                                0x08003088   Section       98  d2f.o(x$fpl$d2f)
    x$fpl$dflt                               0x080030ea   Section       46  dflt_clz.o(x$fpl$dflt)
    x$fpl$dmul                               0x08003118   Section      340  dmul.o(x$fpl$dmul)
    x$fpl$dnaninf                            0x0800326c   Section      156  dnaninf.o(x$fpl$dnaninf)
    x$fpl$dretinf                            0x08003308   Section       12  dretinf.o(x$fpl$dretinf)
    x$fpl$f2d                                0x08003314   Section       86  f2d.o(x$fpl$f2d)
    x$fpl$fcmp                               0x0800336a   Section       84  fcmp.o(x$fpl$fcmp)
    x$fpl$fcmpinf                            0x080033be   Section       24  fcmpi.o(x$fpl$fcmpinf)
    x$fpl$feqf                               0x080033d8   Section      104  feqf.o(x$fpl$feqf)
    x$fpl$fgeqf                              0x08003440   Section      104  fgeqf.o(x$fpl$fgeqf)
    x$fpl$fleqf                              0x080034a8   Section      104  fleqf.o(x$fpl$fleqf)
    x$fpl$fnaninf                            0x08003510   Section      140  fnaninf.o(x$fpl$fnaninf)
    x$fpl$fretinf                            0x0800359c   Section       10  fretinf.o(x$fpl$fretinf)
    x$fpl$printf1                            0x080035a6   Section        4  printf1.o(x$fpl$printf1)
    x$fpl$printf2                            0x080035aa   Section        4  printf2.o(x$fpl$printf2)
    x$fpl$usenofp                            0x080035ae   Section        0  usenofp.o(x$fpl$usenofp)
    initial_mbstate                          0x080035b0   Data           8  _printf_wctomb.o(.constdata)
    .constdata                               0x080035b0   Section        8  _printf_wctomb.o(.constdata)
    uc_hextab                                0x080035b8   Data          20  _printf_hex_int_ll_ptr.o(.constdata)
    .constdata                               0x080035b8   Section       40  _printf_hex_int_ll_ptr.o(.constdata)
    lc_hextab                                0x080035cc   Data          20  _printf_hex_int_ll_ptr.o(.constdata)
    maptable                                 0x080035e0   Data          17  __printf_flags_ss_wp.o(.constdata)
    .constdata                               0x080035e0   Section       17  __printf_flags_ss_wp.o(.constdata)
    lc_hextab                                0x080035f1   Data          19  _printf_fp_hex.o(.constdata)
    .constdata                               0x080035f1   Section       38  _printf_fp_hex.o(.constdata)
    uc_hextab                                0x08003604   Data          19  _printf_fp_hex.o(.constdata)
    tenpwrs_x                                0x08003618   Data          60  bigflt0.o(.constdata)
    .constdata                               0x08003618   Section      148  bigflt0.o(.constdata)
    tenpwrs_i                                0x08003654   Data          64  bigflt0.o(.constdata)
    .L.str.1                                 0x080036bc   Data           7  main.o(.rodata.str1.1)
    [Anonymous Symbol]                       0x080036bc   Section        0  main.o(.rodata.str1.1)
    .L.str.4                                 0x080036c3   Data           4  main.o(.rodata.str1.1)
    .L.str                                   0x080036c4   Data           3  main.o(.rodata.str1.1)
    .L.str.2                                 0x080036c7   Data           6  main.o(.rodata.str1.1)
    .L.str.3                                 0x080036cd   Data           3  main.o(.rodata.str1.1)
    locale$$data                             0x080036f0   Section       28  lc_numeric_c.o(locale$$data)
    __lcnum_c_name                           0x080036f4   Data           2  lc_numeric_c.o(locale$$data)
    __lcnum_c_start                          0x080036fc   Data           0  lc_numeric_c.o(locale$$data)
    __lcnum_c_point                          0x08003708   Data           0  lc_numeric_c.o(locale$$data)
    __lcnum_c_thousands                      0x0800370a   Data           0  lc_numeric_c.o(locale$$data)
    __lcnum_c_grouping                       0x0800370b   Data           0  lc_numeric_c.o(locale$$data)
    __lcnum_c_end                            0x0800370c   Data           0  lc_numeric_c.o(locale$$data)
    locale$$data                             0x0800370c   Section      272  lc_ctype_c.o(locale$$data)
    __lcctype_c_name                         0x08003710   Data           2  lc_ctype_c.o(locale$$data)
    __lcctype_c_start                        0x08003718   Data           0  lc_ctype_c.o(locale$$data)
    __lcctype_c_end                          0x0800381c   Data           0  lc_ctype_c.o(locale$$data)
    .bss                                     0x20000010   Section       96  libspace.o(.bss)
    Heap_Mem                                 0x20000130   Data         512  startup_stm32f10x_md.o(HEAP)
    HEAP                                     0x20000130   Section      512  startup_stm32f10x_md.o(HEAP)
    Stack_Mem                                0x20000330   Data        1024  startup_stm32f10x_md.o(STACK)
    STACK                                    0x20000330   Section     1024  startup_stm32f10x_md.o(STACK)
    __initial_sp                             0x20000730   Data           0  startup_stm32f10x_md.o(STACK)

    Global Symbols

    Symbol Name                              Value     Ov Type        Size  Object(Section)

    BuildAttributes$$THM_ISAv4$P$D$K$B$S$PE$A:L22UL41UL21$X:L11$S22US41US21$IEEE1$IW$~IW$USESV6$~STKCKD$USESV7$~SHL$OTIME$ROPI$IEEEJ$EBA8$UX$STANDARDLIB$REQ8$PRES8$EABIv2 0x00000000   Number         0  anon$$obj.o ABSOLUTE
    __fp_init_empty                          0x00000000   Number         0  fpinit_empty.o ABSOLUTE
    _printf_flags                            0x00000000   Number         0  printf_stubs.o ABSOLUTE
    _printf_return_value                     0x00000000   Number         0  printf_stubs.o ABSOLUTE
    _printf_sizespec                         0x00000000   Number         0  printf_stubs.o ABSOLUTE
    _printf_widthprec                        0x00000000   Number         0  printf_stubs.o ABSOLUTE
    __ARM_exceptions_init                     - Undefined Weak Reference
    __alloca_initialize                       - Undefined Weak Reference
    __arm_preinit_                            - Undefined Weak Reference
    __arm_relocate_pie_                       - Undefined Weak Reference
    __cpp_initialize__aeabi_                  - Undefined Weak Reference
    __cxa_finalize                            - Undefined Weak Reference
    __sigvec_lookup                           - Undefined Weak Reference
    __user_heap_extent                        - Undefined Weak Reference
    _atexit_init                              - Undefined Weak Reference
    _call_atexit_fns                          - Undefined Weak Reference
    _clock_init                               - Undefined Weak Reference
    _fp_trap_init                             - Undefined Weak Reference
    _fp_trap_shutdown                         - Undefined Weak Reference
    _get_lc_collate                           - Undefined Weak Reference
    _get_lc_monetary                          - Undefined Weak Reference
    _get_lc_time                              - Undefined Weak Reference
    _getenv_init                              - Undefined Weak Reference
    _handle_redirection                       - Undefined Weak Reference
    _initio                                   - Undefined Weak Reference
    _mutex_acquire                            - Undefined Weak Reference
    _mutex_free                               - Undefined Weak Reference
    _mutex_release                            - Undefined Weak Reference
    _printf_mbtowc                            - Undefined Weak Reference
    _printf_wc                                - Undefined Weak Reference
    _rand_init                                - Undefined Weak Reference
    _signal_finish                            - Undefined Weak Reference
    _signal_init                              - Undefined Weak Reference
    _terminateio                              - Undefined Weak Reference
    __Vectors_Size                           0x000000ec   Number         0  startup_stm32f10x_md.o ABSOLUTE
    __Vectors                                0x08000000   Data           4  startup_stm32f10x_md.o(RESET)
    __Vectors_End                            0x080000ec   Data           0  startup_stm32f10x_md.o(RESET)
    __main                                   0x080000ed   Thumb Code     8  __main.o(!!!main)
    __scatterload                            0x080000f5   Thumb Code     0  __scatter.o(!!!scatter)
    __scatterload_rt2                        0x080000f5   Thumb Code    84  __scatter.o(!!!scatter)
    __scatterload_rt2_thumb_only             0x080000f5   Thumb Code     0  __scatter.o(!!!scatter)
    __scatterload_loop                       0x080000ff   Thumb Code     0  __scatter.o(!!!scatter)
    __scatterload_copy                       0x08000151   Thumb Code    26  __scatter_copy.o(!!handler_copy)
    __scatterload_null                       0x0800016d   Thumb Code     2  __scatter.o(!!handler_null)
    __scatterload_zeroinit                   0x08000171   Thumb Code    28  __scatter_zi.o(!!handler_zi)
    _printf_n                                0x0800018d   Thumb Code     0  _printf_n.o(.ARM.Collect$$_printf_percent$$00000001)
    _printf_percent                          0x0800018d   Thumb Code     0  _printf_percent.o(.ARM.Collect$$_printf_percent$$00000000)
    _printf_p                                0x08000193   Thumb Code     0  _printf_p.o(.ARM.Collect$$_printf_percent$$00000002)
    _printf_f                                0x08000199   Thumb Code     0  _printf_f.o(.ARM.Collect$$_printf_percent$$00000003)
    _printf_e                                0x0800019f   Thumb Code     0  _printf_e.o(.ARM.Collect$$_printf_percent$$00000004)
    _printf_g                                0x080001a5   Thumb Code     0  _printf_g.o(.ARM.Collect$$_printf_percent$$00000005)
    _printf_a                                0x080001ab   Thumb Code     0  _printf_a.o(.ARM.Collect$$_printf_percent$$00000006)
    _printf_ll                               0x080001b1   Thumb Code     0  _printf_ll.o(.ARM.Collect$$_printf_percent$$00000007)
    _printf_i                                0x080001bb   Thumb Code     0  _printf_i.o(.ARM.Collect$$_printf_percent$$00000008)
    _printf_d                                0x080001c1   Thumb Code     0  _printf_d.o(.ARM.Collect$$_printf_percent$$00000009)
    _printf_u                                0x080001c7   Thumb Code     0  _printf_u.o(.ARM.Collect$$_printf_percent$$0000000A)
    _printf_o                                0x080001cd   Thumb Code     0  _printf_o.o(.ARM.Collect$$_printf_percent$$0000000B)
    _printf_x                                0x080001d3   Thumb Code     0  _printf_x.o(.ARM.Collect$$_printf_percent$$0000000C)
    _printf_lli                              0x080001d9   Thumb Code     0  _printf_lli.o(.ARM.Collect$$_printf_percent$$0000000D)
    _printf_lld                              0x080001df   Thumb Code     0  _printf_lld.o(.ARM.Collect$$_printf_percent$$0000000E)
    _printf_llu                              0x080001e5   Thumb Code     0  _printf_llu.o(.ARM.Collect$$_printf_percent$$0000000F)
    _printf_llo                              0x080001eb   Thumb Code     0  _printf_llo.o(.ARM.Collect$$_printf_percent$$00000010)
    _printf_llx                              0x080001f1   Thumb Code     0  _printf_llx.o(.ARM.Collect$$_printf_percent$$00000011)
    _printf_l                                0x080001f7   Thumb Code     0  _printf_l.o(.ARM.Collect$$_printf_percent$$00000012)
    _printf_c                                0x08000201   Thumb Code     0  _printf_c.o(.ARM.Collect$$_printf_percent$$00000013)
    _printf_s                                0x08000207   Thumb Code     0  _printf_s.o(.ARM.Collect$$_printf_percent$$00000014)
    _printf_lc                               0x0800020d   Thumb Code     0  _printf_lc.o(.ARM.Collect$$_printf_percent$$00000015)
    _printf_ls                               0x08000213   Thumb Code     0  _printf_ls.o(.ARM.Collect$$_printf_percent$$00000016)
    _printf_percent_end                      0x08000219   Thumb Code     0  _printf_percent_end.o(.ARM.Collect$$_printf_percent$$00000017)
    __rt_lib_init                            0x0800021d   Thumb Code     0  libinit.o(.ARM.Collect$$libinit$$00000000)
    __rt_lib_init_fp_1                       0x0800021f   Thumb Code     0  libinit2.o(.ARM.Collect$$libinit$$00000002)
    __rt_lib_init_heap_2                     0x0800021f   Thumb Code     0  libinit2.o(.ARM.Collect$$libinit$$00000007)
    __rt_lib_init_preinit_1                  0x0800021f   Thumb Code     0  libinit2.o(.ARM.Collect$$libinit$$00000006)
    __rt_lib_init_relocate_pie_1             0x0800021f   Thumb Code     0  libinit2.o(.ARM.Collect$$libinit$$00000004)
    __rt_lib_init_heap_1                     0x08000227   Thumb Code     0  libinit2.o(.ARM.Collect$$libinit$$0000000C)
    __rt_lib_init_lc_common                  0x08000227   Thumb Code     0  libinit2.o(.ARM.Collect$$libinit$$00000011)
    __rt_lib_init_rand_1                     0x08000227   Thumb Code     0  libinit2.o(.ARM.Collect$$libinit$$00000010)
    __rt_lib_init_user_alloc_1               0x08000227   Thumb Code     0  libinit2.o(.ARM.Collect$$libinit$$0000000E)
    __rt_lib_init_lc_collate_1               0x0800022d   Thumb Code     0  libinit2.o(.ARM.Collect$$libinit$$00000013)
    __rt_lib_init_lc_ctype_2                 0x0800022d   Thumb Code     0  libinit2.o(.ARM.Collect$$libinit$$00000014)
    __rt_lib_init_lc_ctype_1                 0x08000239   Thumb Code     0  libinit2.o(.ARM.Collect$$libinit$$00000015)
    __rt_lib_init_lc_monetary_1              0x08000239   Thumb Code     0  libinit2.o(.ARM.Collect$$libinit$$00000017)
    __rt_lib_init_lc_numeric_2               0x08000239   Thumb Code     0  libinit2.o(.ARM.Collect$$libinit$$00000018)
    __rt_lib_init_alloca_1                   0x08000243   Thumb Code     0  libinit2.o(.ARM.Collect$$libinit$$00000030)
    __rt_lib_init_argv_1                     0x08000243   Thumb Code     0  libinit2.o(.ARM.Collect$$libinit$$0000002E)
    __rt_lib_init_atexit_1                   0x08000243   Thumb Code     0  libinit2.o(.ARM.Collect$$libinit$$0000001D)
    __rt_lib_init_clock_1                    0x08000243   Thumb Code     0  libinit2.o(.ARM.Collect$$libinit$$00000023)
    __rt_lib_init_cpp_1                      0x08000243   Thumb Code     0  libinit2.o(.ARM.Collect$$libinit$$00000034)
    __rt_lib_init_exceptions_1               0x08000243   Thumb Code     0  libinit2.o(.ARM.Collect$$libinit$$00000032)
    __rt_lib_init_fp_trap_1                  0x08000243   Thumb Code     0  libinit2.o(.ARM.Collect$$libinit$$00000021)
    __rt_lib_init_getenv_1                   0x08000243   Thumb Code     0  libinit2.o(.ARM.Collect$$libinit$$00000025)
    __rt_lib_init_lc_numeric_1               0x08000243   Thumb Code     0  libinit2.o(.ARM.Collect$$libinit$$00000019)
    __rt_lib_init_lc_time_1                  0x08000243   Thumb Code     0  libinit2.o(.ARM.Collect$$libinit$$0000001B)
    __rt_lib_init_return                     0x08000243   Thumb Code     0  libinit2.o(.ARM.Collect$$libinit$$00000035)
    __rt_lib_init_signal_1                   0x08000243   Thumb Code     0  libinit2.o(.ARM.Collect$$libinit$$0000001F)
    __rt_lib_init_stdio_1                    0x08000243   Thumb Code     0  libinit2.o(.ARM.Collect$$libinit$$00000027)
    __rt_lib_shutdown                        0x08000245   Thumb Code     0  libshutdown.o(.ARM.Collect$$libshutdown$$00000000)
    __rt_lib_shutdown_cpp_1                  0x08000247   Thumb Code     0  libshutdown2.o(.ARM.Collect$$libshutdown$$00000002)
    __rt_lib_shutdown_fp_trap_1              0x08000247   Thumb Code     0  libshutdown2.o(.ARM.Collect$$libshutdown$$00000007)
    __rt_lib_shutdown_heap_1                 0x08000247   Thumb Code     0  libshutdown2.o(.ARM.Collect$$libshutdown$$0000000F)
    __rt_lib_shutdown_return                 0x08000247   Thumb Code     0  libshutdown2.o(.ARM.Collect$$libshutdown$$00000010)
    __rt_lib_shutdown_signal_1               0x08000247   Thumb Code     0  libshutdown2.o(.ARM.Collect$$libshutdown$$0000000A)
    __rt_lib_shutdown_stdio_1                0x08000247   Thumb Code     0  libshutdown2.o(.ARM.Collect$$libshutdown$$00000004)
    __rt_lib_shutdown_user_alloc_1           0x08000247   Thumb Code     0  libshutdown2.o(.ARM.Collect$$libshutdown$$0000000C)
    __rt_entry                               0x08000249   Thumb Code     0  __rtentry.o(.ARM.Collect$$rtentry$$00000000)
    __rt_entry_presh_1                       0x08000249   Thumb Code     0  __rtentry2.o(.ARM.Collect$$rtentry$$00000002)
    __rt_entry_sh                            0x08000249   Thumb Code     0  __rtentry4.o(.ARM.Collect$$rtentry$$00000004)
    __rt_entry_li                            0x0800024f   Thumb Code     0  __rtentry2.o(.ARM.Collect$$rtentry$$0000000A)
    __rt_entry_postsh_1                      0x0800024f   Thumb Code     0  __rtentry2.o(.ARM.Collect$$rtentry$$00000009)
    __rt_entry_main                          0x08000253   Thumb Code     0  __rtentry2.o(.ARM.Collect$$rtentry$$0000000D)
    __rt_entry_postli_1                      0x08000253   Thumb Code     0  __rtentry2.o(.ARM.Collect$$rtentry$$0000000C)
    __rt_exit                                0x0800025b   Thumb Code     0  rtexit.o(.ARM.Collect$$rtexit$$00000000)
    __rt_exit_ls                             0x0800025d   Thumb Code     0  rtexit2.o(.ARM.Collect$$rtexit$$00000003)
    __rt_exit_prels_1                        0x0800025d   Thumb Code     0  rtexit2.o(.ARM.Collect$$rtexit$$00000002)
    __rt_exit_exit                           0x08000261   Thumb Code     0  rtexit2.o(.ARM.Collect$$rtexit$$00000004)
    Reset_Handler                            0x08000269   Thumb Code     8  startup_stm32f10x_md.o(.text)
    NMI_Handler                              0x08000271   Thumb Code     2  startup_stm32f10x_md.o(.text)
    HardFault_Handler                        0x08000273   Thumb Code     2  startup_stm32f10x_md.o(.text)
    MemManage_Handler                        0x08000275   Thumb Code     2  startup_stm32f10x_md.o(.text)
    BusFault_Handler                         0x08000277   Thumb Code     2  startup_stm32f10x_md.o(.text)
    UsageFault_Handler                       0x08000279   Thumb Code     2  startup_stm32f10x_md.o(.text)
    SVC_Handler                              0x0800027b   Thumb Code     2  startup_stm32f10x_md.o(.text)
    DebugMon_Handler                         0x0800027d   Thumb Code     2  startup_stm32f10x_md.o(.text)
    PendSV_Handler                           0x0800027f   Thumb Code     2  startup_stm32f10x_md.o(.text)
    ADC1_2_IRQHandler                        0x08000283   Thumb Code     0  startup_stm32f10x_md.o(.text)
    CAN1_RX1_IRQHandler                      0x08000283   Thumb Code     0  startup_stm32f10x_md.o(.text)
    CAN1_SCE_IRQHandler                      0x08000283   Thumb Code     0  startup_stm32f10x_md.o(.text)
    DMA1_Channel1_IRQHandler                 0x08000283   Thumb Code     0  startup_stm32f10x_md.o(.text)
    DMA1_Channel2_IRQHandler                 0x08000283   Thumb Code     0  startup_stm32f10x_md.o(.text)
    DMA1_Channel3_IRQHandler                 0x08000283   Thumb Code     0  startup_stm32f10x_md.o(.text)
    DMA1_Channel4_IRQHandler                 0x08000283   Thumb Code     0  startup_stm32f10x_md.o(.text)
    DMA1_Channel5_IRQHandler                 0x08000283   Thumb Code     0  startup_stm32f10x_md.o(.text)
    DMA1_Channel6_IRQHandler                 0x08000283   Thumb Code     0  startup_stm32f10x_md.o(.text)
    DMA1_Channel7_IRQHandler                 0x08000283   Thumb Code     0  startup_stm32f10x_md.o(.text)
    EXTI0_IRQHandler                         0x08000283   Thumb Code     0  startup_stm32f10x_md.o(.text)
    EXTI15_10_IRQHandler                     0x08000283   Thumb Code     0  startup_stm32f10x_md.o(.text)
    EXTI1_IRQHandler                         0x08000283   Thumb Code     0  startup_stm32f10x_md.o(.text)
    EXTI2_IRQHandler                         0x08000283   Thumb Code     0  startup_stm32f10x_md.o(.text)
    EXTI3_IRQHandler                         0x08000283   Thumb Code     0  startup_stm32f10x_md.o(.text)
    EXTI4_IRQHandler                         0x08000283   Thumb Code     0  startup_stm32f10x_md.o(.text)
    EXTI9_5_IRQHandler                       0x08000283   Thumb Code     0  startup_stm32f10x_md.o(.text)
    FLASH_IRQHandler                         0x08000283   Thumb Code     0  startup_stm32f10x_md.o(.text)
    I2C1_ER_IRQHandler                       0x08000283   Thumb Code     0  startup_stm32f10x_md.o(.text)
    I2C1_EV_IRQHandler                       0x08000283   Thumb Code     0  startup_stm32f10x_md.o(.text)
    I2C2_ER_IRQHandler                       0x08000283   Thumb Code     0  startup_stm32f10x_md.o(.text)
    I2C2_EV_IRQHandler                       0x08000283   Thumb Code     0  startup_stm32f10x_md.o(.text)
    PVD_IRQHandler                           0x08000283   Thumb Code     0  startup_stm32f10x_md.o(.text)
    RCC_IRQHandler                           0x08000283   Thumb Code     0  startup_stm32f10x_md.o(.text)
    RTCAlarm_IRQHandler                      0x08000283   Thumb Code     0  startup_stm32f10x_md.o(.text)
    RTC_IRQHandler                           0x08000283   Thumb Code     0  startup_stm32f10x_md.o(.text)
    SPI1_IRQHandler                          0x08000283   Thumb Code     0  startup_stm32f10x_md.o(.text)
    SPI2_IRQHandler                          0x08000283   Thumb Code     0  startup_stm32f10x_md.o(.text)
    TAMPER_IRQHandler                        0x08000283   Thumb Code     0  startup_stm32f10x_md.o(.text)
    TIM1_BRK_IRQHandler                      0x08000283   Thumb Code     0  startup_stm32f10x_md.o(.text)
    TIM1_CC_IRQHandler                       0x08000283   Thumb Code     0  startup_stm32f10x_md.o(.text)
    TIM1_TRG_COM_IRQHandler                  0x08000283   Thumb Code     0  startup_stm32f10x_md.o(.text)
    TIM1_UP_IRQHandler                       0x08000283   Thumb Code     0  startup_stm32f10x_md.o(.text)
    TIM2_IRQHandler                          0x08000283   Thumb Code     0  startup_stm32f10x_md.o(.text)
    USART1_IRQHandler                        0x08000283   Thumb Code     0  startup_stm32f10x_md.o(.text)
    USART3_IRQHandler                        0x08000283   Thumb Code     0  startup_stm32f10x_md.o(.text)
    USBWakeUp_IRQHandler                     0x08000283   Thumb Code     0  startup_stm32f10x_md.o(.text)
    USB_HP_CAN1_TX_IRQHandler                0x08000283   Thumb Code     0  startup_stm32f10x_md.o(.text)
    USB_LP_CAN1_RX0_IRQHandler               0x08000283   Thumb Code     0  startup_stm32f10x_md.o(.text)
    WWDG_IRQHandler                          0x08000283   Thumb Code     0  startup_stm32f10x_md.o(.text)
    __user_initial_stackheap                 0x08000285   Thumb Code     0  startup_stm32f10x_md.o(.text)
    malloc                                   0x080002a9   Thumb Code    94  h1_alloc.o(.text)
    snprintf                                 0x08000309   Thumb Code    58  snprintf.o(.text)
    strlen                                   0x08000349   Thumb Code    62  strlen.o(.text)
    __use_two_region_memory                  0x08000387   Thumb Code     2  heapauxi.o(.text)
    __rt_heap_escrow                         0x08000389   Thumb Code     2  heapauxi.o(.text)
    __rt_heap_expand                         0x0800038b   Thumb Code     2  heapauxi.o(.text)
    __rt_heap_descriptor                     0x0800038d   Thumb Code     8  rt_heap_descriptor_intlibspace.o(.text)
    __use_no_heap                            0x08000395   Thumb Code     2  hguard.o(.text)
    __heap$guard                             0x08000397   Thumb Code     2  hguard.o(.text)
    _terminate_user_alloc                    0x08000399   Thumb Code     2  init_alloc.o(.text)
    _init_user_alloc                         0x0800039b   Thumb Code     2  init_alloc.o(.text)
    __Heap_Full                              0x0800039d   Thumb Code    34  init_alloc.o(.text)
    __Heap_Broken                            0x080003bf   Thumb Code     6  init_alloc.o(.text)
    _init_alloc                              0x080003c5   Thumb Code    94  init_alloc.o(.text)
    __Heap_Initialize                        0x08000423   Thumb Code     8  h1_init.o(.text)
    __Heap_DescSize                          0x0800042b   Thumb Code     4  h1_init.o(.text)
    free                                     0x0800042f   Thumb Code    78  h1_free.o(.text)
    _printf_pre_padding                      0x0800047d   Thumb Code    44  _printf_pad.o(.text)
    _printf_post_padding                     0x080004a9   Thumb Code    34  _printf_pad.o(.text)
    _printf_truncate_signed                  0x080004cb   Thumb Code    18  _printf_truncate.o(.text)
    _printf_truncate_unsigned                0x080004dd   Thumb Code    18  _printf_truncate.o(.text)
    _printf_str                              0x080004ef   Thumb Code    82  _printf_str.o(.text)
    _printf_int_dec                          0x08000541   Thumb Code   104  _printf_dec.o(.text)
    _printf_charcount                        0x080005b9   Thumb Code    40  _printf_charcount.o(.text)
    _printf_char_common                      0x080005eb   Thumb Code    32  _printf_char_common.o(.text)
    _snputc                                  0x08000611   Thumb Code    16  _snputc.o(.text)
    _printf_wctomb                           0x08000621   Thumb Code   182  _printf_wctomb.o(.text)
    _printf_longlong_dec                     0x080006dd   Thumb Code   108  _printf_longlong_dec.o(.text)
    _printf_longlong_oct                     0x08000759   Thumb Code    68  _printf_oct_int_ll.o(.text)
    _printf_int_oct                          0x0800079d   Thumb Code    24  _printf_oct_int_ll.o(.text)
    _printf_ll_oct                           0x080007b5   Thumb Code    12  _printf_oct_int_ll.o(.text)
    _printf_longlong_hex                     0x080007c9   Thumb Code    86  _printf_hex_int_ll_ptr.o(.text)
    _printf_int_hex                          0x0800081f   Thumb Code    28  _printf_hex_int_ll_ptr.o(.text)
    _printf_ll_hex                           0x0800083b   Thumb Code    12  _printf_hex_int_ll_ptr.o(.text)
    _printf_hex_ptr                          0x08000847   Thumb Code    18  _printf_hex_int_ll_ptr.o(.text)
    __printf                                 0x0800085d   Thumb Code   388  __printf_flags_ss_wp.o(.text)
    __user_libspace                          0x080009e5   Thumb Code     8  libspace.o(.text)
    __user_perproc_libspace                  0x080009e5   Thumb Code     0  libspace.o(.text)
    __user_perthread_libspace                0x080009e5   Thumb Code     0  libspace.o(.text)
    __Heap_ProvideMemory                     0x080009ed   Thumb Code    52  h1_extend.o(.text)
    _maybe_terminate_alloc                   0x080009ed   Thumb Code     0  maybetermalloc1.o(.text)
    _ll_udiv10                               0x08000a21   Thumb Code   138  lludiv10.o(.text)
    _printf_int_common                       0x08000aab   Thumb Code   178  _printf_intcommon.o(.text)
    _printf_fp_dec_real                      0x08000d0d   Thumb Code   620  _printf_fp_dec.o(.text)
    _printf_fp_hex_real                      0x08000f79   Thumb Code   756  _printf_fp_hex.o(.text)
    _printf_cs_common                        0x08001275   Thumb Code    20  _printf_char.o(.text)
    _printf_char                             0x08001289   Thumb Code    16  _printf_char.o(.text)
    _printf_string                           0x08001299   Thumb Code     8  _printf_char.o(.text)
    _printf_lcs_common                       0x080012a1   Thumb Code    20  _printf_wchar.o(.text)
    _printf_wchar                            0x080012b5   Thumb Code    16  _printf_wchar.o(.text)
    _printf_wstring                          0x080012c5   Thumb Code     8  _printf_wchar.o(.text)
    _c16rtomb                                0x080012cd   Thumb Code    72  _c16rtomb.o(.text)
    _wcrtomb                                 0x080012cd   Thumb Code     0  _c16rtomb.o(.text)
    __rt_SIGRTMEM                            0x08001315   Thumb Code    14  defsig_rtmem_outer.o(.text)
    __I$use$semihosting                      0x08001323   Thumb Code     0  use_no_semi.o(.text)
    __use_no_semihosting_swi                 0x08001323   Thumb Code     2  use_no_semi.o(.text)
    __semihosting_library_function           0x08001325   Thumb Code     0  indicate_semi.o(.text)
    __user_setup_stackheap                   0x08001325   Thumb Code    74  sys_stackheap_outer.o(.text)
    __rt_ctype_table                         0x08001371   Thumb Code    16  rt_ctype_table.o(.text)
    __rt_locale                              0x08001381   Thumb Code     8  rt_locale_intlibspace.o(.text)
    _printf_fp_infnan                        0x08001389   Thumb Code   112  _printf_fp_infnan.o(.text)
    _btod_etento                             0x08001409   Thumb Code   224  bigflt0.o(.text)
    exit                                     0x080014ed   Thumb Code    18  exit.o(.text)
    __sig_exit                               0x080014ff   Thumb Code    10  defsig_exit.o(.text)
    __rt_SIGRTMEM_inner                      0x08001509   Thumb Code    22  defsig_rtmem_inner.o(.text)
    _sys_exit                                0x08001559   Thumb Code     8  sys_exit.o(.text)
    __default_signal_display                 0x08001565   Thumb Code    50  defsig_general.o(.text)
    strcmp                                   0x08001599   Thumb Code   128  strcmpv7m.o(.text)
    _ttywrch                                 0x08001619   Thumb Code    14  sys_wrch.o(.text)
    Compute_CRC8                             0x08001629   Thumb Code   178  ds18b20.o(.text.Compute_CRC8)
    CopyScratchpad                           0x080016dd   Thumb Code    48  ds18b20.o(.text.CopyScratchpad)
    DelayMicro                               0x0800170d   Thumb Code    48  ds18b20.o(.text.DelayMicro)
    GPIO_Init                                0x0800173d   Thumb Code    34  main.o(.text.GPIO_Init)
    Search_ROM                               0x08001761   Thumb Code   510  ds18b20.o(.text.Search_ROM)
    SysTick_Handler                          0x08001ae1   Thumb Code    16  ds18b20.o(.text.SysTick_Handler)
    SystemCoreClockConfigure                 0x08001af1   Thumb Code   214  main.o(.text.SystemCoreClockConfigure)
    SystemCoreClockUpdate                    0x08001bc9   Thumb Code   290  system_stm32f10x.o(.text.SystemCoreClockUpdate)
    SystemInit                               0x08001ced   Thumb Code   102  system_stm32f10x.o(.text.SystemInit)
    TIM3_IRQHandler                          0x08001d55   Thumb Code    82  main.o(.text.TIM3_IRQHandler)
    TIM3_Init                                0x08001da9   Thumb Code   122  main.o(.text.TIM3_Init)
    TIM4_IRQHandler                          0x08001e25   Thumb Code   146  main.o(.text.TIM4_IRQHandler)
    TIM4_Init                                0x08001eb9   Thumb Code   122  main.o(.text.TIM4_Init)
    USART2_IRQHandler                        0x08001f35   Thumb Code   132  main.o(.text.USART2_IRQHandler)
    USART_Init                               0x08001fb9   Thumb Code   160  uart.o(.text.USART_Init)
    USART_IsReady                            0x08002059   Thumb Code    44  uart.o(.text.USART_IsReady)
    USART_Receive                            0x08002085   Thumb Code    76  uart.o(.text.USART_Receive)
    USART_Send                               0x080020d1   Thumb Code    46  uart.o(.text.USART_Send)
    USART_SendMessage                        0x08002101   Thumb Code    68  uart.o(.text.USART_SendMessage)
    WriteScratchpad                          0x08002145   Thumb Code    72  ds18b20.o(.text.WriteScratchpad)
    WriteTHTL                                0x0800218d   Thumb Code    20  ds18b20.o(.text.WriteTHTL)
    check_pin                                0x08002245   Thumb Code    28  main.o(.text.check_pin)
    ds18b20_ConvertTemp                      0x08002261   Thumb Code    48  ds18b20.o(.text.ds18b20_ConvertTemp)
    ds18b20_MatchRom                         0x08002291   Thumb Code    64  ds18b20.o(.text.ds18b20_MatchRom)
    ds18b20_PortInit                         0x080022d1   Thumb Code    50  ds18b20.o(.text.ds18b20_PortInit)
    ds18b20_ReadBit                          0x08002305   Thumb Code    78  ds18b20.o(.text.ds18b20_ReadBit)
    ds18b20_ReadByte                         0x08002355   Thumb Code    70  ds18b20.o(.text.ds18b20_ReadByte)
    ds18b20_ReadStratchpad                   0x0800239d   Thumb Code    94  ds18b20.o(.text.ds18b20_ReadStratchpad)
    ds18b20_Reset                            0x080023fd   Thumb Code    82  ds18b20.o(.text.ds18b20_Reset)
    ds18b20_WriteBit                         0x08002451   Thumb Code    68  ds18b20.o(.text.ds18b20_WriteBit)
    ds18b20_WriteByte                        0x08002495   Thumb Code    68  ds18b20.o(.text.ds18b20_WriteByte)
    enable_pin                               0x080024d9   Thumb Code   106  main.o(.text.enable_pin)
    main                                     0x08002545   Thumb Code   736  main.o(.text.main)
    switch_pin                               0x08002825   Thumb Code    68  main.o(.text.switch_pin)
    _btod_d2e                                0x08002869   Thumb Code    62  btod.o(CL$$btod_d2e)
    _d2e_denorm_low                          0x080028a7   Thumb Code    70  btod.o(CL$$btod_d2e_denorm_low)
    _d2e_norm_op1                            0x080028ed   Thumb Code    96  btod.o(CL$$btod_d2e_norm_op1)
    __btod_div_common                        0x0800294d   Thumb Code   696  btod.o(CL$$btod_div_common)
    _e2e                                     0x08002c85   Thumb Code   220  btod.o(CL$$btod_e2e)
    _btod_ediv                               0x08002d61   Thumb Code    42  btod.o(CL$$btod_ediv)
    _btod_emul                               0x08002d8b   Thumb Code    42  btod.o(CL$$btod_emul)
    __btod_mult_common                       0x08002db5   Thumb Code   580  btod.o(CL$$btod_mult_common)
    __ARM_fpclassify                         0x08002ff9   Thumb Code    40  fpclassify.o(i.__ARM_fpclassify)
    _is_digit                                0x08003021   Thumb Code    14  __printf_wp.o(i._is_digit)
    _get_lc_numeric                          0x08003031   Thumb Code    44  lc_numeric_c.o(locale$$code)
    _get_lc_ctype                            0x0800305d   Thumb Code    44  lc_ctype_c.o(locale$$code)
    __aeabi_d2f                              0x08003089   Thumb Code     0  d2f.o(x$fpl$d2f)
    _d2f                                     0x08003089   Thumb Code    98  d2f.o(x$fpl$d2f)
    __aeabi_i2d                              0x080030eb   Thumb Code     0  dflt_clz.o(x$fpl$dflt)
    _dflt                                    0x080030eb   Thumb Code    46  dflt_clz.o(x$fpl$dflt)
    __aeabi_dmul                             0x08003119   Thumb Code     0  dmul.o(x$fpl$dmul)
    _dmul                                    0x08003119   Thumb Code   332  dmul.o(x$fpl$dmul)
    __fpl_dnaninf                            0x0800326d   Thumb Code   156  dnaninf.o(x$fpl$dnaninf)
    __fpl_dretinf                            0x08003309   Thumb Code    12  dretinf.o(x$fpl$dretinf)
    __aeabi_f2d                              0x08003315   Thumb Code     0  f2d.o(x$fpl$f2d)
    _f2d                                     0x08003315   Thumb Code    86  f2d.o(x$fpl$f2d)
    __aeabi_fcmpeq                           0x0800336b   Thumb Code     0  fcmp.o(x$fpl$fcmp)
    _feq                                     0x0800336b   Thumb Code    14  fcmp.o(x$fpl$fcmp)
    _fneq                                    0x08003379   Thumb Code    14  fcmp.o(x$fpl$fcmp)
    __aeabi_fcmpgt                           0x08003387   Thumb Code     0  fcmp.o(x$fpl$fcmp)
    _fgr                                     0x08003387   Thumb Code    14  fcmp.o(x$fpl$fcmp)
    __aeabi_fcmpge                           0x08003395   Thumb Code     0  fcmp.o(x$fpl$fcmp)
    _fgeq                                    0x08003395   Thumb Code    14  fcmp.o(x$fpl$fcmp)
    __aeabi_fcmple                           0x080033a3   Thumb Code     0  fcmp.o(x$fpl$fcmp)
    _fleq                                    0x080033a3   Thumb Code    14  fcmp.o(x$fpl$fcmp)
    __aeabi_fcmplt                           0x080033b1   Thumb Code     0  fcmp.o(x$fpl$fcmp)
    _fls                                     0x080033b1   Thumb Code    14  fcmp.o(x$fpl$fcmp)
    __fpl_fcmp_Inf                           0x080033bf   Thumb Code    24  fcmpi.o(x$fpl$fcmpinf)
    __aeabi_cfcmpeq                          0x080033d9   Thumb Code     0  feqf.o(x$fpl$feqf)
    _fcmpeq                                  0x080033d9   Thumb Code   104  feqf.o(x$fpl$feqf)
    _fcmpge                                  0x08003441   Thumb Code   104  fgeqf.o(x$fpl$fgeqf)
    __aeabi_cfcmple                          0x080034a9   Thumb Code     0  fleqf.o(x$fpl$fleqf)
    _fcmple                                  0x080034a9   Thumb Code   104  fleqf.o(x$fpl$fleqf)
    __fpl_fcmple_InfNaN                      0x080034fb   Thumb Code     0  fleqf.o(x$fpl$fleqf)
    __fpl_fnaninf                            0x08003511   Thumb Code   140  fnaninf.o(x$fpl$fnaninf)
    __fpl_fretinf                            0x0800359d   Thumb Code    10  fretinf.o(x$fpl$fretinf)
    _printf_fp_dec                           0x080035a7   Thumb Code     4  printf1.o(x$fpl$printf1)
    _printf_fp_hex                           0x080035ab   Thumb Code     4  printf2.o(x$fpl$printf2)
    __I$use$fp                               0x080035ae   Number         0  usenofp.o(x$fpl$usenofp)
    AHBPrescTable                            0x080036ac   Data          16  system_stm32f10x.o(.rodata.AHBPrescTable)
    Region$$Table$$Base                      0x080036d0   Number         0  anon$$obj.o(Region$$Table)
    Region$$Table$$Limit                     0x080036f0   Number         0  anon$$obj.o(Region$$Table)
    __ctype                                  0x08003719   Data           0  lc_ctype_c.o(locale$$data)
    LED_pin                                  0x20000000   Data           1  main.o(.data.LED_pin)
    SystemCoreClock                          0x20000004   Data           4  system_stm32f10x.o(.data.SystemCoreClock)
    got                                      0x20000008   Data           6  main.o(.data.got)
    __libspace_start                         0x20000010   Data          96  libspace.o(.bss)
    IS_READY                                 0x20000070   Data           1  main.o(.bss.IS_READY)
    __temporary_stack_top$libspace           0x20000070   Data           0  libspace.o(.bss)
    count                                    0x20000074   Data           4  main.o(.bss.count)
    message                                  0x20000078   Data         100  main.o(.bss.message)
    msTicks                                  0x200000dc   Data           4  ds18b20.o(.bss.msTicks)
    received                                 0x200000e0   Data           1  main.o(.bss.received)
    sensors                                  0x200000e4   Data          64  main.o(.bss.sensors)
    symbol                                   0x20000124   Data           1  main.o(.bss.symbol)
    ticks                                    0x20000128   Data           4  main.o(.bss.ticks)



==============================================================================

Memory Map of the image

  Image Entry point : 0x08000269

  Load Region LR_1 (Base: 0x08000000, Size: 0x0000382c, Max: 0xffffffff, ABSOLUTE)

    Execution Region ER_RO (Exec base: 0x08000000, Load base: 0x08000000, Size: 0x0000381c, Max: 0xffffffff, ABSOLUTE)

    Exec Addr    Load Addr    Size         Type   Attr      Idx    E Section Name        Object

    0x08000000   0x08000000   0x000000ec   Data   RO          169    RESET               startup_stm32f10x_md.o
    0x080000ec   0x080000ec   0x00000008   Code   RO          257  * !!!main             c_w.l(__main.o)
    0x080000f4   0x080000f4   0x0000005c   Code   RO          674    !!!scatter          c_w.l(__scatter.o)
    0x08000150   0x08000150   0x0000001a   Code   RO          678    !!handler_copy      c_w.l(__scatter_copy.o)
    0x0800016a   0x0800016a   0x00000002   PAD
    0x0800016c   0x0800016c   0x00000002   Code   RO          675    !!handler_null      c_w.l(__scatter.o)
    0x0800016e   0x0800016e   0x00000002   PAD
    0x08000170   0x08000170   0x0000001c   Code   RO          680    !!handler_zi        c_w.l(__scatter_zi.o)
    0x0800018c   0x0800018c   0x00000000   Code   RO          386    .ARM.Collect$$_printf_percent$$00000000  c_w.l(_printf_percent.o)
    0x0800018c   0x0800018c   0x00000006   Code   RO          375    .ARM.Collect$$_printf_percent$$00000001  c_w.l(_printf_n.o)
    0x08000192   0x08000192   0x00000006   Code   RO          377    .ARM.Collect$$_printf_percent$$00000002  c_w.l(_printf_p.o)
    0x08000198   0x08000198   0x00000006   Code   RO          382    .ARM.Collect$$_printf_percent$$00000003  c_w.l(_printf_f.o)
    0x0800019e   0x0800019e   0x00000006   Code   RO          383    .ARM.Collect$$_printf_percent$$00000004  c_w.l(_printf_e.o)
    0x080001a4   0x080001a4   0x00000006   Code   RO          384    .ARM.Collect$$_printf_percent$$00000005  c_w.l(_printf_g.o)
    0x080001aa   0x080001aa   0x00000006   Code   RO          385    .ARM.Collect$$_printf_percent$$00000006  c_w.l(_printf_a.o)
    0x080001b0   0x080001b0   0x0000000a   Code   RO          390    .ARM.Collect$$_printf_percent$$00000007  c_w.l(_printf_ll.o)
    0x080001ba   0x080001ba   0x00000006   Code   RO          379    .ARM.Collect$$_printf_percent$$00000008  c_w.l(_printf_i.o)
    0x080001c0   0x080001c0   0x00000006   Code   RO          380    .ARM.Collect$$_printf_percent$$00000009  c_w.l(_printf_d.o)
    0x080001c6   0x080001c6   0x00000006   Code   RO          381    .ARM.Collect$$_printf_percent$$0000000A  c_w.l(_printf_u.o)
    0x080001cc   0x080001cc   0x00000006   Code   RO          378    .ARM.Collect$$_printf_percent$$0000000B  c_w.l(_printf_o.o)
    0x080001d2   0x080001d2   0x00000006   Code   RO          376    .ARM.Collect$$_printf_percent$$0000000C  c_w.l(_printf_x.o)
    0x080001d8   0x080001d8   0x00000006   Code   RO          387    .ARM.Collect$$_printf_percent$$0000000D  c_w.l(_printf_lli.o)
    0x080001de   0x080001de   0x00000006   Code   RO          388    .ARM.Collect$$_printf_percent$$0000000E  c_w.l(_printf_lld.o)
    0x080001e4   0x080001e4   0x00000006   Code   RO          389    .ARM.Collect$$_printf_percent$$0000000F  c_w.l(_printf_llu.o)
    0x080001ea   0x080001ea   0x00000006   Code   RO          394    .ARM.Collect$$_printf_percent$$00000010  c_w.l(_printf_llo.o)
    0x080001f0   0x080001f0   0x00000006   Code   RO          395    .ARM.Collect$$_printf_percent$$00000011  c_w.l(_printf_llx.o)
    0x080001f6   0x080001f6   0x0000000a   Code   RO          391    .ARM.Collect$$_printf_percent$$00000012  c_w.l(_printf_l.o)
    0x08000200   0x08000200   0x00000006   Code   RO          373    .ARM.Collect$$_printf_percent$$00000013  c_w.l(_printf_c.o)
    0x08000206   0x08000206   0x00000006   Code   RO          374    .ARM.Collect$$_printf_percent$$00000014  c_w.l(_printf_s.o)
    0x0800020c   0x0800020c   0x00000006   Code   RO          392    .ARM.Collect$$_printf_percent$$00000015  c_w.l(_printf_lc.o)
    0x08000212   0x08000212   0x00000006   Code   RO          393    .ARM.Collect$$_printf_percent$$00000016  c_w.l(_printf_ls.o)
    0x08000218   0x08000218   0x00000004   Code   RO          517    .ARM.Collect$$_printf_percent$$00000017  c_w.l(_printf_percent_end.o)
    0x0800021c   0x0800021c   0x00000002   Code   RO          596    .ARM.Collect$$libinit$$00000000  c_w.l(libinit.o)
    0x0800021e   0x0800021e   0x00000000   Code   RO          401    .ARM.Collect$$libinit$$00000002  c_w.l(libinit2.o)
    0x0800021e   0x0800021e   0x00000000   Code   RO          403    .ARM.Collect$$libinit$$00000004  c_w.l(libinit2.o)
    0x0800021e   0x0800021e   0x00000000   Code   RO          405    .ARM.Collect$$libinit$$00000006  c_w.l(libinit2.o)
    0x0800021e   0x0800021e   0x00000008   Code   RO          406    .ARM.Collect$$libinit$$00000007  c_w.l(libinit2.o)
    0x08000226   0x08000226   0x00000000   Code   RO          408    .ARM.Collect$$libinit$$0000000C  c_w.l(libinit2.o)
    0x08000226   0x08000226   0x00000000   Code   RO          410    .ARM.Collect$$libinit$$0000000E  c_w.l(libinit2.o)
    0x08000226   0x08000226   0x00000000   Code   RO          412    .ARM.Collect$$libinit$$00000010  c_w.l(libinit2.o)
    0x08000226   0x08000226   0x00000006   Code   RO          413    .ARM.Collect$$libinit$$00000011  c_w.l(libinit2.o)
    0x0800022c   0x0800022c   0x00000000   Code   RO          415    .ARM.Collect$$libinit$$00000013  c_w.l(libinit2.o)
    0x0800022c   0x0800022c   0x0000000c   Code   RO          416    .ARM.Collect$$libinit$$00000014  c_w.l(libinit2.o)
    0x08000238   0x08000238   0x00000000   Code   RO          417    .ARM.Collect$$libinit$$00000015  c_w.l(libinit2.o)
    0x08000238   0x08000238   0x00000000   Code   RO          419    .ARM.Collect$$libinit$$00000017  c_w.l(libinit2.o)
    0x08000238   0x08000238   0x0000000a   Code   RO          420    .ARM.Collect$$libinit$$00000018  c_w.l(libinit2.o)
    0x08000242   0x08000242   0x00000000   Code   RO          421    .ARM.Collect$$libinit$$00000019  c_w.l(libinit2.o)
    0x08000242   0x08000242   0x00000000   Code   RO          423    .ARM.Collect$$libinit$$0000001B  c_w.l(libinit2.o)
    0x08000242   0x08000242   0x00000000   Code   RO          425    .ARM.Collect$$libinit$$0000001D  c_w.l(libinit2.o)
    0x08000242   0x08000242   0x00000000   Code   RO          427    .ARM.Collect$$libinit$$0000001F  c_w.l(libinit2.o)
    0x08000242   0x08000242   0x00000000   Code   RO          429    .ARM.Collect$$libinit$$00000021  c_w.l(libinit2.o)
    0x08000242   0x08000242   0x00000000   Code   RO          431    .ARM.Collect$$libinit$$00000023  c_w.l(libinit2.o)
    0x08000242   0x08000242   0x00000000   Code   RO          433    .ARM.Collect$$libinit$$00000025  c_w.l(libinit2.o)
    0x08000242   0x08000242   0x00000000   Code   RO          435    .ARM.Collect$$libinit$$00000027  c_w.l(libinit2.o)
    0x08000242   0x08000242   0x00000000   Code   RO          439    .ARM.Collect$$libinit$$0000002E  c_w.l(libinit2.o)
    0x08000242   0x08000242   0x00000000   Code   RO          441    .ARM.Collect$$libinit$$00000030  c_w.l(libinit2.o)
    0x08000242   0x08000242   0x00000000   Code   RO          443    .ARM.Collect$$libinit$$00000032  c_w.l(libinit2.o)
    0x08000242   0x08000242   0x00000000   Code   RO          445    .ARM.Collect$$libinit$$00000034  c_w.l(libinit2.o)
    0x08000242   0x08000242   0x00000002   Code   RO          446    .ARM.Collect$$libinit$$00000035  c_w.l(libinit2.o)
    0x08000244   0x08000244   0x00000002   Code   RO          671    .ARM.Collect$$libshutdown$$00000000  c_w.l(libshutdown.o)
    0x08000246   0x08000246   0x00000000   Code   RO          623    .ARM.Collect$$libshutdown$$00000002  c_w.l(libshutdown2.o)
    0x08000246   0x08000246   0x00000000   Code   RO          625    .ARM.Collect$$libshutdown$$00000004  c_w.l(libshutdown2.o)
    0x08000246   0x08000246   0x00000000   Code   RO          628    .ARM.Collect$$libshutdown$$00000007  c_w.l(libshutdown2.o)
    0x08000246   0x08000246   0x00000000   Code   RO          631    .ARM.Collect$$libshutdown$$0000000A  c_w.l(libshutdown2.o)
    0x08000246   0x08000246   0x00000000   Code   RO          633    .ARM.Collect$$libshutdown$$0000000C  c_w.l(libshutdown2.o)
    0x08000246   0x08000246   0x00000000   Code   RO          636    .ARM.Collect$$libshutdown$$0000000F  c_w.l(libshutdown2.o)
    0x08000246   0x08000246   0x00000002   Code   RO          637    .ARM.Collect$$libshutdown$$00000010  c_w.l(libshutdown2.o)
    0x08000248   0x08000248   0x00000000   Code   RO          275    .ARM.Collect$$rtentry$$00000000  c_w.l(__rtentry.o)
    0x08000248   0x08000248   0x00000000   Code   RO          478    .ARM.Collect$$rtentry$$00000002  c_w.l(__rtentry2.o)
    0x08000248   0x08000248   0x00000006   Code   RO          490    .ARM.Collect$$rtentry$$00000004  c_w.l(__rtentry4.o)
    0x0800024e   0x0800024e   0x00000000   Code   RO          480    .ARM.Collect$$rtentry$$00000009  c_w.l(__rtentry2.o)
    0x0800024e   0x0800024e   0x00000004   Code   RO          481    .ARM.Collect$$rtentry$$0000000A  c_w.l(__rtentry2.o)
    0x08000252   0x08000252   0x00000000   Code   RO          483    .ARM.Collect$$rtentry$$0000000C  c_w.l(__rtentry2.o)
    0x08000252   0x08000252   0x00000008   Code   RO          484    .ARM.Collect$$rtentry$$0000000D  c_w.l(__rtentry2.o)
    0x0800025a   0x0800025a   0x00000002   Code   RO          605    .ARM.Collect$$rtexit$$00000000  c_w.l(rtexit.o)
    0x0800025c   0x0800025c   0x00000000   Code   RO          643    .ARM.Collect$$rtexit$$00000002  c_w.l(rtexit2.o)
    0x0800025c   0x0800025c   0x00000004   Code   RO          644    .ARM.Collect$$rtexit$$00000003  c_w.l(rtexit2.o)
    0x08000260   0x08000260   0x00000006   Code   RO          645    .ARM.Collect$$rtexit$$00000004  c_w.l(rtexit2.o)
    0x08000266   0x08000266   0x00000002   PAD
    0x08000268   0x08000268   0x00000040   Code   RO          170  * .text               startup_stm32f10x_md.o
    0x080002a8   0x080002a8   0x0000005e   Code   RO          197    .text               c_w.l(h1_alloc.o)
    0x08000306   0x08000306   0x00000002   PAD
    0x08000308   0x08000308   0x00000040   Code   RO          251    .text               c_w.l(snprintf.o)
    0x08000348   0x08000348   0x0000003e   Code   RO          253    .text               c_w.l(strlen.o)
    0x08000386   0x08000386   0x00000006   Code   RO          255    .text               c_w.l(heapauxi.o)
    0x0800038c   0x0800038c   0x00000008   Code   RO          279    .text               c_w.l(rt_heap_descriptor_intlibspace.o)
    0x08000394   0x08000394   0x00000004   Code   RO          281    .text               c_w.l(hguard.o)
    0x08000398   0x08000398   0x0000008a   Code   RO          283    .text               c_w.l(init_alloc.o)
    0x08000422   0x08000422   0x0000000c   Code   RO          289    .text               c_w.l(h1_init.o)
    0x0800042e   0x0800042e   0x0000004e   Code   RO          291    .text               c_w.l(h1_free.o)
    0x0800047c   0x0800047c   0x0000004e   Code   RO          307    .text               c_w.l(_printf_pad.o)
    0x080004ca   0x080004ca   0x00000024   Code   RO          309    .text               c_w.l(_printf_truncate.o)
    0x080004ee   0x080004ee   0x00000052   Code   RO          311    .text               c_w.l(_printf_str.o)
    0x08000540   0x08000540   0x00000078   Code   RO          313    .text               c_w.l(_printf_dec.o)
    0x080005b8   0x080005b8   0x00000028   Code   RO          315    .text               c_w.l(_printf_charcount.o)
    0x080005e0   0x080005e0   0x00000030   Code   RO          317    .text               c_w.l(_printf_char_common.o)
    0x08000610   0x08000610   0x00000010   Code   RO          319    .text               c_w.l(_snputc.o)
    0x08000620   0x08000620   0x000000bc   Code   RO          321    .text               c_w.l(_printf_wctomb.o)
    0x080006dc   0x080006dc   0x0000007c   Code   RO          324    .text               c_w.l(_printf_longlong_dec.o)
    0x08000758   0x08000758   0x00000070   Code   RO          330    .text               c_w.l(_printf_oct_int_ll.o)
    0x080007c8   0x080007c8   0x00000094   Code   RO          350    .text               c_w.l(_printf_hex_int_ll_ptr.o)
    0x0800085c   0x0800085c   0x00000188   Code   RO          370    .text               c_w.l(__printf_flags_ss_wp.o)
    0x080009e4   0x080009e4   0x00000008   Code   RO          474    .text               c_w.l(libspace.o)
    0x080009ec   0x080009ec   0x00000000   Code   RO          494    .text               c_w.l(maybetermalloc1.o)
    0x080009ec   0x080009ec   0x00000034   Code   RO          496    .text               c_w.l(h1_extend.o)
    0x08000a20   0x08000a20   0x0000008a   Code   RO          500    .text               c_w.l(lludiv10.o)
    0x08000aaa   0x08000aaa   0x000000b2   Code   RO          502    .text               c_w.l(_printf_intcommon.o)
    0x08000b5c   0x08000b5c   0x0000041c   Code   RO          504    .text               c_w.l(_printf_fp_dec.o)
    0x08000f78   0x08000f78   0x000002fc   Code   RO          508    .text               c_w.l(_printf_fp_hex.o)
    0x08001274   0x08001274   0x0000002c   Code   RO          513    .text               c_w.l(_printf_char.o)
    0x080012a0   0x080012a0   0x0000002c   Code   RO          515    .text               c_w.l(_printf_wchar.o)
    0x080012cc   0x080012cc   0x00000048   Code   RO          518    .text               c_w.l(_c16rtomb.o)
    0x08001314   0x08001314   0x0000000e   Code   RO          520    .text               c_w.l(defsig_rtmem_outer.o)
    0x08001322   0x08001322   0x00000002   Code   RO          533    .text               c_w.l(use_no_semi.o)
    0x08001324   0x08001324   0x00000000   Code   RO          535    .text               c_w.l(indicate_semi.o)
    0x08001324   0x08001324   0x0000004a   Code   RO          536    .text               c_w.l(sys_stackheap_outer.o)
    0x0800136e   0x0800136e   0x00000002   PAD
    0x08001370   0x08001370   0x00000010   Code   RO          538    .text               c_w.l(rt_ctype_table.o)
    0x08001380   0x08001380   0x00000008   Code   RO          545    .text               c_w.l(rt_locale_intlibspace.o)
    0x08001388   0x08001388   0x00000080   Code   RO          549    .text               c_w.l(_printf_fp_infnan.o)
    0x08001408   0x08001408   0x000000e4   Code   RO          551    .text               c_w.l(bigflt0.o)
    0x080014ec   0x080014ec   0x00000012   Code   RO          581    .text               c_w.l(exit.o)
    0x080014fe   0x080014fe   0x0000000a   Code   RO          583    .text               c_w.l(defsig_exit.o)
    0x08001508   0x08001508   0x00000050   Code   RO          585    .text               c_w.l(defsig_rtmem_inner.o)
    0x08001558   0x08001558   0x0000000c   Code   RO          601    .text               c_w.l(sys_exit.o)
    0x08001564   0x08001564   0x00000032   Code   RO          618    .text               c_w.l(defsig_general.o)
    0x08001596   0x08001596   0x00000002   PAD
    0x08001598   0x08001598   0x00000080   Code   RO          620    .text               c_w.l(strcmpv7m.o)
    0x08001618   0x08001618   0x0000000e   Code   RO          638    .text               c_w.l(sys_wrch.o)
    0x08001626   0x08001626   0x00000002   PAD
    0x08001628   0x08001628   0x000000b2   Code   RO           28    .text.Compute_CRC8  ds18b20.o
    0x080016da   0x080016da   0x00000002   PAD
    0x080016dc   0x080016dc   0x00000030   Code   RO           38    .text.CopyScratchpad  ds18b20.o
    0x0800170c   0x0800170c   0x00000030   Code   RO            4    .text.DelayMicro    ds18b20.o
    0x0800173c   0x0800173c   0x00000022   Code   RO           65    .text.GPIO_Init     main.o
    0x0800175e   0x0800175e   0x00000002   PAD
    0x08001760   0x08001760   0x000001fe   Code   RO           30    .text.Search_ROM    ds18b20.o
    0x0800195e   0x0800195e   0x00000002   PAD
    0x08001960   0x08001960   0x00000008   Code   RO          179    .text.SetSysClock   system_stm32f10x.o
    0x08001968   0x08001968   0x00000122   Code   RO          183    .text.SetSysClockTo72  system_stm32f10x.o
    0x08001a8a   0x08001a8a   0x00000002   PAD
    0x08001a8c   0x08001a8c   0x00000052   Code   RO           77    .text.SysTick_Config  main.o
    0x08001ade   0x08001ade   0x00000002   PAD
    0x08001ae0   0x08001ae0   0x00000010   Code   RO            2    .text.SysTick_Handler  ds18b20.o
    0x08001af0   0x08001af0   0x000000d6   Code   RO           55    .text.SystemCoreClockConfigure  main.o
    0x08001bc6   0x08001bc6   0x00000002   PAD
    0x08001bc8   0x08001bc8   0x00000122   Code   RO          181    .text.SystemCoreClockUpdate  system_stm32f10x.o
    0x08001cea   0x08001cea   0x00000002   PAD
    0x08001cec   0x08001cec   0x00000066   Code   RO          177    .text.SystemInit    system_stm32f10x.o
    0x08001d52   0x08001d52   0x00000002   PAD
    0x08001d54   0x08001d54   0x00000052   Code   RO           73    .text.TIM3_IRQHandler  main.o
    0x08001da6   0x08001da6   0x00000002   PAD
    0x08001da8   0x08001da8   0x0000007a   Code   RO           71    .text.TIM3_Init     main.o
    0x08001e22   0x08001e22   0x00000002   PAD
    0x08001e24   0x08001e24   0x00000092   Code   RO           63    .text.TIM4_IRQHandler  main.o
    0x08001eb6   0x08001eb6   0x00000002   PAD
    0x08001eb8   0x08001eb8   0x0000007a   Code   RO           51    .text.TIM4_Init     main.o
    0x08001f32   0x08001f32   0x00000002   PAD
    0x08001f34   0x08001f34   0x00000084   Code   RO           67    .text.USART2_IRQHandler  main.o
    0x08001fb8   0x08001fb8   0x000000a0   Code   RO           99    .text.USART_Init    uart.o
    0x08002058   0x08002058   0x0000002c   Code   RO          105    .text.USART_IsReady  uart.o
    0x08002084   0x08002084   0x0000004c   Code   RO          107    .text.USART_Receive  uart.o
    0x080020d0   0x080020d0   0x0000002e   Code   RO          103    .text.USART_Send    uart.o
    0x080020fe   0x080020fe   0x00000002   PAD
    0x08002100   0x08002100   0x00000044   Code   RO          109    .text.USART_SendMessage  uart.o
    0x08002144   0x08002144   0x00000048   Code   RO           36    .text.WriteScratchpad  ds18b20.o
    0x0800218c   0x0800218c   0x00000014   Code   RO           32    .text.WriteTHTL     ds18b20.o
    0x080021a0   0x080021a0   0x00000030   Code   RO           53    .text.__NVIC_EnableIRQ  main.o
    0x080021d0   0x080021d0   0x00000030   Code   RO          101    .text.__NVIC_EnableIRQ  uart.o
    0x08002200   0x08002200   0x00000042   Code   RO           79    .text.__NVIC_SetPriority  main.o
    0x08002242   0x08002242   0x00000002   PAD
    0x08002244   0x08002244   0x0000001c   Code   RO           59    .text.check_pin     main.o
    0x08002260   0x08002260   0x00000030   Code   RO           22    .text.ds18b20_ConvertTemp  ds18b20.o
    0x08002290   0x08002290   0x00000040   Code   RO           18    .text.ds18b20_MatchRom  ds18b20.o
    0x080022d0   0x080022d0   0x00000032   Code   RO            6    .text.ds18b20_PortInit  ds18b20.o
    0x08002302   0x08002302   0x00000002   PAD
    0x08002304   0x08002304   0x0000004e   Code   RO           10    .text.ds18b20_ReadBit  ds18b20.o
    0x08002352   0x08002352   0x00000002   PAD
    0x08002354   0x08002354   0x00000046   Code   RO           12    .text.ds18b20_ReadByte  ds18b20.o
    0x0800239a   0x0800239a   0x00000002   PAD
    0x0800239c   0x0800239c   0x0000005e   Code   RO           24    .text.ds18b20_ReadStratchpad  ds18b20.o
    0x080023fa   0x080023fa   0x00000002   PAD
    0x080023fc   0x080023fc   0x00000052   Code   RO            8    .text.ds18b20_Reset  ds18b20.o
    0x0800244e   0x0800244e   0x00000002   PAD
    0x08002450   0x08002450   0x00000044   Code   RO           14    .text.ds18b20_WriteBit  ds18b20.o
    0x08002494   0x08002494   0x00000044   Code   RO           16    .text.ds18b20_WriteByte  ds18b20.o
    0x080024d8   0x080024d8   0x0000006a   Code   RO           57    .text.enable_pin    main.o
    0x08002542   0x08002542   0x00000002   PAD
    0x08002544   0x08002544   0x000002e0   Code   RO           75    .text.main          main.o
    0x08002824   0x08002824   0x00000044   Code   RO           61    .text.switch_pin    main.o
    0x08002868   0x08002868   0x0000003e   Code   RO          554    CL$$btod_d2e        c_w.l(btod.o)
    0x080028a6   0x080028a6   0x00000046   Code   RO          556    CL$$btod_d2e_denorm_low  c_w.l(btod.o)
    0x080028ec   0x080028ec   0x00000060   Code   RO          555    CL$$btod_d2e_norm_op1  c_w.l(btod.o)
    0x0800294c   0x0800294c   0x00000338   Code   RO          564    CL$$btod_div_common  c_w.l(btod.o)
    0x08002c84   0x08002c84   0x000000dc   Code   RO          561    CL$$btod_e2e        c_w.l(btod.o)
    0x08002d60   0x08002d60   0x0000002a   Code   RO          558    CL$$btod_ediv       c_w.l(btod.o)
    0x08002d8a   0x08002d8a   0x0000002a   Code   RO          557    CL$$btod_emul       c_w.l(btod.o)
    0x08002db4   0x08002db4   0x00000244   Code   RO          563    CL$$btod_mult_common  c_w.l(btod.o)
    0x08002ff8   0x08002ff8   0x00000028   Code   RO          599    i.__ARM_fpclassify  m_ws.l(fpclassify.o)
    0x08003020   0x08003020   0x0000000e   Code   RO          363    i._is_digit         c_w.l(__printf_wp.o)
    0x0800302e   0x0800302e   0x00000002   PAD
    0x08003030   0x08003030   0x0000002c   Code   RO          579    locale$$code        c_w.l(lc_numeric_c.o)
    0x0800305c   0x0800305c   0x0000002c   Code   RO          614    locale$$code        c_w.l(lc_ctype_c.o)
    0x08003088   0x08003088   0x00000062   Code   RO          259    x$fpl$d2f           fz_ws.l(d2f.o)
    0x080030ea   0x080030ea   0x0000002e   Code   RO          262    x$fpl$dflt          fz_ws.l(dflt_clz.o)
    0x08003118   0x08003118   0x00000154   Code   RO          267    x$fpl$dmul          fz_ws.l(dmul.o)
    0x0800326c   0x0800326c   0x0000009c   Code   RO          447    x$fpl$dnaninf       fz_ws.l(dnaninf.o)
    0x08003308   0x08003308   0x0000000c   Code   RO          449    x$fpl$dretinf       fz_ws.l(dretinf.o)
    0x08003314   0x08003314   0x00000056   Code   RO          269    x$fpl$f2d           fz_ws.l(f2d.o)
    0x0800336a   0x0800336a   0x00000054   Code   RO          271    x$fpl$fcmp          fz_ws.l(fcmp.o)
    0x080033be   0x080033be   0x00000018   Code   RO          529    x$fpl$fcmpinf       fz_ws.l(fcmpi.o)
    0x080033d6   0x080033d6   0x00000002   PAD
    0x080033d8   0x080033d8   0x00000068   Code   RO          451    x$fpl$feqf          fz_ws.l(feqf.o)
    0x08003440   0x08003440   0x00000068   Code   RO          453    x$fpl$fgeqf         fz_ws.l(fgeqf.o)
    0x080034a8   0x080034a8   0x00000068   Code   RO          455    x$fpl$fleqf         fz_ws.l(fleqf.o)
    0x08003510   0x08003510   0x0000008c   Code   RO          457    x$fpl$fnaninf       fz_ws.l(fnaninf.o)
    0x0800359c   0x0800359c   0x0000000a   Code   RO          459    x$fpl$fretinf       fz_ws.l(fretinf.o)
    0x080035a6   0x080035a6   0x00000004   Code   RO          461    x$fpl$printf1       fz_ws.l(printf1.o)
    0x080035aa   0x080035aa   0x00000004   Code   RO          463    x$fpl$printf2       fz_ws.l(printf2.o)
    0x080035ae   0x080035ae   0x00000000   Code   RO          469    x$fpl$usenofp       fz_ws.l(usenofp.o)
    0x080035ae   0x080035ae   0x00000002   PAD
    0x080035b0   0x080035b0   0x00000008   Data   RO          322    .constdata          c_w.l(_printf_wctomb.o)
    0x080035b8   0x080035b8   0x00000028   Data   RO          351    .constdata          c_w.l(_printf_hex_int_ll_ptr.o)
    0x080035e0   0x080035e0   0x00000011   Data   RO          371    .constdata          c_w.l(__printf_flags_ss_wp.o)
    0x080035f1   0x080035f1   0x00000026   Data   RO          509    .constdata          c_w.l(_printf_fp_hex.o)
    0x08003617   0x08003617   0x00000001   PAD
    0x08003618   0x08003618   0x00000094   Data   RO          552    .constdata          c_w.l(bigflt0.o)
    0x080036ac   0x080036ac   0x00000010   Data   RO          186    .rodata.AHBPrescTable  system_stm32f10x.o
    0x080036bc   0x080036bc   0x00000014   Data   RO           90    .rodata.str1.1      main.o
    0x080036d0   0x080036d0   0x00000020   Data   RO          673    Region$$Table       anon$$obj.o
    0x080036f0   0x080036f0   0x0000001c   Data   RO          578    locale$$data        c_w.l(lc_numeric_c.o)
    0x0800370c   0x0800370c   0x00000110   Data   RO          613    locale$$data        c_w.l(lc_ctype_c.o)


    Execution Region ER_RW (Exec base: 0x20000000, Load base: 0x0800381c, Size: 0x00000010, Max: 0xffffffff, ABSOLUTE)

    Exec Addr    Load Addr    Size         Type   Attr      Idx    E Section Name        Object

    0x20000000   0x0800381c   0x00000001   Data   RW           81    .data.LED_pin       main.o
    0x20000001   0x0800381d   0x00000003   PAD
    0x20000004   0x08003820   0x00000004   Data   RW          185    .data.SystemCoreClock  system_stm32f10x.o
    0x20000008   0x08003824   0x00000006   Data   RW           83    .data.got           main.o


    Execution Region ER_ZI (Exec base: 0x20000010, Load base: 0x0800382c, Size: 0x00000720, Max: 0xffffffff, ABSOLUTE)

    Exec Addr    Load Addr    Size         Type   Attr      Idx    E Section Name        Object

    0x20000010        -       0x00000060   Zero   RW          475    .bss                c_w.l(libspace.o)
    0x20000070        -       0x00000001   Zero   RW           86    .bss.IS_READY       main.o
    0x20000071   0x0800382c   0x00000003   PAD
    0x20000074        -       0x00000004   Zero   RW           84    .bss.count          main.o
    0x20000078        -       0x00000064   Zero   RW           89    .bss.message        main.o
    0x200000dc        -       0x00000004   Zero   RW           42    .bss.msTicks        ds18b20.o
    0x200000e0        -       0x00000001   Zero   RW           85    .bss.received       main.o
    0x200000e1   0x0800382c   0x00000003   PAD
    0x200000e4        -       0x00000040   Zero   RW           88    .bss.sensors        main.o
    0x20000124        -       0x00000001   Zero   RW           82    .bss.symbol         main.o
    0x20000125   0x0800382c   0x00000003   PAD
    0x20000128        -       0x00000004   Zero   RW           87    .bss.ticks          main.o
    0x2000012c   0x0800382c   0x00000004   PAD
    0x20000130        -       0x00000200   Zero   RW          168    HEAP                startup_stm32f10x_md.o
    0x20000330        -       0x00000400   Zero   RW          167    STACK               startup_stm32f10x_md.o


==============================================================================

Image component sizes


      Code (inc. data)   RO Data    RW Data    ZI Data      Debug   Object Name

      1514          0          0          0          4       5913   ds18b20.o
      1986          0         20          7        175       8246   main.o
        64         26        236          0       1536        820   startup_stm32f10x_md.o
       690          0         16          4          0       2974   system_stm32f10x.o
       442          0          0          0          0       3950   uart.o

    ----------------------------------------------------------------------
      4736         26        304         16       1728      21903   Object Totals
         0          0         32          0          0          0   (incl. Generated)
        40          0          0          5         13          0   (incl. Padding)

    ----------------------------------------------------------------------

      Code (inc. data)   RO Data    RW Data    ZI Data      Debug   Library Member Name

         8          0          0          0          0         68   __main.o
       392          4         17          0          0         92   __printf_flags_ss_wp.o
        14          0          0          0          0         68   __printf_wp.o
         0          0          0          0          0          0   __rtentry.o
        12          0          0          0          0          0   __rtentry2.o
         6          0          0          0          0          0   __rtentry4.o
        94          8          0          0          0          0   __scatter.o
        26          0          0          0          0          0   __scatter_copy.o
        28          0          0          0          0          0   __scatter_zi.o
        72          0          0          0          0         96   _c16rtomb.o
         6          0          0          0          0          0   _printf_a.o
         6          0          0          0          0          0   _printf_c.o
        44          0          0          0          0        108   _printf_char.o
        48          6          0          0          0         96   _printf_char_common.o
        40          0          0          0          0         68   _printf_charcount.o
         6          0          0          0          0          0   _printf_d.o
       120         16          0          0          0         92   _printf_dec.o
         6          0          0          0          0          0   _printf_e.o
         6          0          0          0          0          0   _printf_f.o
      1052          0          0          0          0        148   _printf_fp_dec.o
       764          8         38          0          0        100   _printf_fp_hex.o
       128         16          0          0          0         84   _printf_fp_infnan.o
         6          0          0          0          0          0   _printf_g.o
       148          4         40          0          0        160   _printf_hex_int_ll_ptr.o
         6          0          0          0          0          0   _printf_i.o
       178          0          0          0          0         88   _printf_intcommon.o
        10          0          0          0          0          0   _printf_l.o
         6          0          0          0          0          0   _printf_lc.o
        10          0          0          0          0          0   _printf_ll.o
         6          0          0          0          0          0   _printf_lld.o
         6          0          0          0          0          0   _printf_lli.o
         6          0          0          0          0          0   _printf_llo.o
         6          0          0          0          0          0   _printf_llu.o
         6          0          0          0          0          0   _printf_llx.o
       124         16          0          0          0         92   _printf_longlong_dec.o
         6          0          0          0          0          0   _printf_ls.o
         6          0          0          0          0          0   _printf_n.o
         6          0          0          0          0          0   _printf_o.o
       112          8          0          0          0        124   _printf_oct_int_ll.o
         6          0          0          0          0          0   _printf_p.o
        78          0          0          0          0        108   _printf_pad.o
         0          0          0          0          0          0   _printf_percent.o
         4          0          0          0          0          0   _printf_percent_end.o
         6          0          0          0          0          0   _printf_s.o
        82          0          0          0          0         80   _printf_str.o
        36          0          0          0          0         84   _printf_truncate.o
         6          0          0          0          0          0   _printf_u.o
        44          0          0          0          0        108   _printf_wchar.o
       188          6          8          0          0         92   _printf_wctomb.o
         6          0          0          0          0          0   _printf_x.o
        16          0          0          0          0         68   _snputc.o
       228          4        148          0          0         96   bigflt0.o
      1936        128          0          0          0        668   btod.o
        10          0          0          0          0         68   defsig_exit.o
        50          0          0          0          0         88   defsig_general.o
        80         58          0          0          0         76   defsig_rtmem_inner.o
        14          0          0          0          0         80   defsig_rtmem_outer.o
        18          0          0          0          0         80   exit.o
        94          0          0          0          0         80   h1_alloc.o
        52          0          0          0          0         68   h1_extend.o
        78          0          0          0          0         80   h1_free.o
        12          0          0          0          0         84   h1_init.o
         6          0          0          0          0        152   heapauxi.o
         4          0          0          0          0        136   hguard.o
         0          0          0          0          0          0   indicate_semi.o
       138          0          0          0          0        168   init_alloc.o
        44         10        272          0          0         76   lc_ctype_c.o
        44         10         28          0          0         76   lc_numeric_c.o
         2          0          0          0          0          0   libinit.o
        38          0          0          0          0          0   libinit2.o
         2          0          0          0          0          0   libshutdown.o
         2          0          0          0          0          0   libshutdown2.o
         8          4          0          0         96         68   libspace.o
       138          0          0          0          0         80   lludiv10.o
         0          0          0          0          0          0   maybetermalloc1.o
        16          4          0          0          0         76   rt_ctype_table.o
         8          4          0          0          0         68   rt_heap_descriptor_intlibspace.o
         8          4          0          0          0         68   rt_locale_intlibspace.o
         2          0          0          0          0          0   rtexit.o
        10          0          0          0          0          0   rtexit2.o
        64          6          0          0          0         84   snprintf.o
       128          0          0          0          0         68   strcmpv7m.o
        62          0          0          0          0         76   strlen.o
        12          4          0          0          0         68   sys_exit.o
        74          0          0          0          0         80   sys_stackheap_outer.o
        14          0          0          0          0         76   sys_wrch.o
         2          0          0          0          0         68   use_no_semi.o
        98          4          0          0          0         92   d2f.o
        46          0          0          0          0         68   dflt_clz.o
       340         12          0          0          0        104   dmul.o
       156          4          0          0          0         92   dnaninf.o
        12          0          0          0          0         68   dretinf.o
        86          4          0          0          0         84   f2d.o
        84          0          0          0          0        196   fcmp.o
        24          0          0          0          0         68   fcmpi.o
       104          4          0          0          0         84   feqf.o
       104          4          0          0          0         84   fgeqf.o
       104          4          0          0          0         84   fleqf.o
       140          4          0          0          0         84   fnaninf.o
        10          0          0          0          0         68   fretinf.o
         4          0          0          0          0         68   printf1.o
         4          0          0          0          0         68   printf2.o
         0          0          0          0          0          0   usenofp.o
        40          0          0          0          0         68   fpclassify.o

    ----------------------------------------------------------------------
      8772        368        552          0         96       6360   Library Totals
        20          0          1          0          0          0   (incl. Padding)

    ----------------------------------------------------------------------

      Code (inc. data)   RO Data    RW Data    ZI Data      Debug   Library Name

      7396        328        551          0         96       4980   c_w.l
      1316         40          0          0          0       1312   fz_ws.l
        40          0          0          0          0         68   m_ws.l

    ----------------------------------------------------------------------
      8772        368        552          0         96       6360   Library Totals

    ----------------------------------------------------------------------

==============================================================================


      Code (inc. data)   RO Data    RW Data    ZI Data      Debug   

     13508        394        856         16       1824      24731   Grand Totals
     13508        394        856         16       1824      24731   ELF Image Totals
     13508        394        856         16          0          0   ROM Totals

==============================================================================

    Total RO  Size (Code + RO Data)                14364 (  14.03kB)
    Total RW  Size (RW Data + ZI Data)              1840 (   1.80kB)
    Total ROM Size (Code + RO Data + RW Data)      14380 (  14.04kB)

==============================================================================

